 ehl.ftpdata.save

 Timestamp is 57527d1b (Sat Jun 04 15:02:51 2016)

 Preferred load address is 10000000

 Start         Length     Name                   Class
 0001:00000000 00010000H .textbss                DATA
 0002:00000000 00002470H .text$di                CODE
 0002:00002470 00017821H .text$mn                CODE
 0002:00019ca0 00002b04H .text$x                 CODE
 0002:0001c7b0 00001145H .text$yd                CODE
 0003:00000000 00000104H .CRT$XCA                DATA
 0003:00000104 0000014fH .CRT$XCU                DATA
 0003:00000254 00000104H .CRT$XCZ                DATA
 0003:00000358 00000104H .CRT$XIA                DATA
 0003:0000045c 00000104H .CRT$XIAA               DATA
 0003:00000560 00000104H .CRT$XIC                DATA
 0003:00000664 00000104H .CRT$XIZ                DATA
 0003:00000770 00002dc8H .rdata                  DATA
 0003:00003538 000001a8H .rdata$debug            DATA
 0003:000036e0 000002d4H .rdata$r                DATA
 0003:000039b4 00000104H .rtc$IAA                DATA
 0003:00003ab8 00000104H .rtc$IZZ                DATA
 0003:00003bbc 00000104H .rtc$TAA                DATA
 0003:00003cc0 00000104H .rtc$TZZ                DATA
 0003:00003dc8 00001bceH .xdata$x                DATA
 0003:000059a0 00000185H .edata                  DATA
 0004:00000000 00000289H .data                   DATA
 0004:0000028c 000001e4H .data$r                 DATA
 0004:00000470 00000e88H .bss                    DATA
 0005:00000000 000002a0H .idata$5                DATA
 0005:000002a0 00000078H .idata$2                DATA
 0005:00000318 00000014H .idata$3                DATA
 0005:0000032c 000002a0H .idata$4                DATA
 0005:000005cc 0000090bH .idata$6                DATA
 0006:00000000 00000169H .rsrc$01                DATA
 0006:00000170 000002ccH .rsrc$02                DATA

  Address         Publics by Value              Rva+Base       Lib:Object

 0000:00000000       ___guard_flags             00000000     <absolute>
 0000:00000000       ___safe_se_handler_count   00000000     <absolute>
 0000:00000000       __except_list              00000000     <absolute>
 0000:00000000       ___guard_fids_count        00000000     <absolute>
 0000:00000000       ___safe_se_handler_table   00000000     <absolute>
 0000:00000000       ___guard_fids_table        00000000     <absolute>
 0000:00009876       __ldused                   00009876     <absolute>
 0000:00009876       __fltused                  00009876     <absolute>
 0000:00000000       ___ImageBase               10000000     <linker-defined>
 0001:00000000       __enc$textbss$begin        10001000     <linker-defined>
 0001:00010000       __enc$textbss$end          10011000     <linker-defined>
 0002:00002470       ??$?0$$QAV?$basic_string@DU?$char_traits@D@std@@V?$allocator@D@2@@std@@$$$V@?$pair@$$CBV?$basic_string@DU?$char_traits@D@std@@V?$allocator@D@2@@std@@H@std@@QAE@Upiecewise_construct_t@1@V?$tuple@$$QAV?$basic_string@DU?$char_traits@D@std@@V?$allocator@D@2@@std@@@1@V?$tuple@$$$V@1@@Z 10013470 f i ehl.ftpdata.save.obj
 0002:000024c0       ??$?0$$QAV?$basic_string@DU?$char_traits@D@std@@V?$allocator@D@2@@std@@PAPAX@?$tuple@$$QAV?$basic_string@DU?$char_traits@D@std@@V?$allocator@D@2@@std@@@std@@QAE@$$QAV01@@Z 100134c0 f i ehl.ftpdata.save.obj
 0002:00002520       ??$?0AAV?$_Tree_iterator@V?$_Tree_val@U?$_Tree_simple_types@U?$pair@$$CBV?$basic_string@DU?$char_traits@D@std@@V?$allocator@D@2@@std@@H@std@@@std@@@std@@@std@@_NX@?$pair@V?$_Tree_iterator@V?$_Tree_val@U?$_Tree_simple_types@U?$pair@$$CBV?$basic_string@DU?$char_traits@D@std@@V?$allocator@D@2@@std@@H@std@@@std@@@std@@@std@@_N@std@@QAE@AAV?$_Tree_iterator@V?$_Tree_val@U?$_Tree_simple_types@U?$pair@$$CBV?$basic_string@DU?$char_traits@D@std@@V?$allocator@D@2@@std@@H@std@@@std@@@std@@@1@$$QA_N@Z 10013520 f i ehl.ftpdata.save.obj
 0002:000025c0       ??$?0AAV?$_Tree_iterator@V?$_Tree_val@U?$_Tree_simple_types@U?$pair@$$CBV?$basic_string@DU?$char_traits@D@std@@V?$allocator@D@2@@std@@V12@@std@@@std@@@std@@@std@@_NX@?$pair@V?$_Tree_iterator@V?$_Tree_val@U?$_Tree_simple_types@U?$pair@$$CBV?$basic_string@DU?$char_traits@D@std@@V?$allocator@D@2@@std@@V12@@std@@@std@@@std@@@std@@_N@std@@QAE@AAV?$_Tree_iterator@V?$_Tree_val@U?$_Tree_simple_types@U?$pair@$$CBV?$basic_string@DU?$char_traits@D@std@@V?$allocator@D@2@@std@@V12@@std@@@std@@@std@@@1@$$QA_N@Z 100135c0 f i ehl.ftpdata.save.obj
 0002:00002660       ??$?0AAV?$basic_string@DU?$char_traits@D@std@@V?$allocator@D@2@@std@@AAPBDX@?$pair@V?$basic_string@DU?$char_traits@D@std@@V?$allocator@D@2@@std@@V12@@std@@QAE@AAV?$basic_string@DU?$char_traits@D@std@@V?$allocator@D@2@@1@AAPBD@Z 10013660 f i ehl.ftpdata.save.obj
 0002:00002700       ??$?0AAY0BAA@DAAPADX@?$pair@V?$basic_string@DU?$char_traits@D@std@@V?$allocator@D@2@@std@@V12@@std@@QAE@AAY0BAA@DAAPAD@Z 10013700 f i ehl.ftpdata.save.obj
 0002:000027a0       ??$?0U?$_Tree_node@U?$pair@$$CBV?$basic_string@DU?$char_traits@D@std@@V?$allocator@D@2@@std@@H@std@@PAX@std@@@?$allocator@U_Container_proxy@std@@@std@@QAE@ABV?$allocator@U?$_Tree_node@U?$pair@$$CBV?$basic_string@DU?$char_traits@D@std@@V?$allocator@D@2@@std@@H@std@@PAX@std@@@1@@Z 100137a0 f i ehl.ftpdata.save.obj
 0002:000027c0       ??$?0U?$_Tree_node@U?$pair@$$CBV?$basic_string@DU?$char_traits@D@std@@V?$allocator@D@2@@std@@V12@@std@@PAX@std@@@?$allocator@U_Container_proxy@std@@@std@@QAE@ABV?$allocator@U?$_Tree_node@U?$pair@$$CBV?$basic_string@DU?$char_traits@D@std@@V?$allocator@D@2@@std@@V12@@std@@PAX@std@@@1@@Z 100137c0 f i ehl.ftpdata.save.obj
 0002:000027e0       ??$?0U?$_Wrap_alloc@V?$allocator@U?$_Tree_node@U?$pair@$$CBV?$basic_string@DU?$char_traits@D@std@@V?$allocator@D@2@@std@@H@std@@PAX@std@@@std@@@std@@@?$_Wrap_alloc@V?$allocator@U_Container_proxy@std@@@std@@@std@@QAE@ABU?$_Wrap_alloc@V?$allocator@U?$_Tree_node@U?$pair@$$CBV?$basic_string@DU?$char_traits@D@std@@V?$allocator@D@2@@std@@H@std@@PAX@std@@@std@@@1@@Z 100137e0 f i ehl.ftpdata.save.obj
 0002:00002810       ??$?0U?$_Wrap_alloc@V?$allocator@U?$_Tree_node@U?$pair@$$CBV?$basic_string@DU?$char_traits@D@std@@V?$allocator@D@2@@std@@V12@@std@@PAX@std@@@std@@@std@@@?$_Wrap_alloc@V?$allocator@U_Container_proxy@std@@@std@@@std@@QAE@ABU?$_Wrap_alloc@V?$allocator@U?$_Tree_node@U?$pair@$$CBV?$basic_string@DU?$char_traits@D@std@@V?$allocator@D@2@@std@@V12@@std@@PAX@std@@@std@@@1@@Z 10013810 f i ehl.ftpdata.save.obj
 0002:00002840       ??$?0V?$_Tree_iterator@V?$_Tree_val@U?$_Tree_simple_types@U?$pair@$$CBV?$basic_string@DU?$char_traits@D@std@@V?$allocator@D@2@@std@@H@std@@@std@@@std@@@std@@_NX@?$pair@V?$_Tree_iterator@V?$_Tree_val@U?$_Tree_simple_types@U?$pair@$$CBV?$basic_string@DU?$char_traits@D@std@@V?$allocator@D@2@@std@@H@std@@@std@@@std@@@std@@_N@std@@QAE@$$QAV?$_Tree_iterator@V?$_Tree_val@U?$_Tree_simple_types@U?$pair@$$CBV?$basic_string@DU?$char_traits@D@std@@V?$allocator@D@2@@std@@H@std@@@std@@@std@@@1@$$QA_N@Z 10013840 f i ehl.ftpdata.save.obj
 0002:000028e0       ??$?0V?$_Tree_iterator@V?$_Tree_val@U?$_Tree_simple_types@U?$pair@$$CBV?$basic_string@DU?$char_traits@D@std@@V?$allocator@D@2@@std@@V12@@std@@@std@@@std@@@std@@_NX@?$pair@V?$_Tree_iterator@V?$_Tree_val@U?$_Tree_simple_types@U?$pair@$$CBV?$basic_string@DU?$char_traits@D@std@@V?$allocator@D@2@@std@@V12@@std@@@std@@@std@@@std@@_N@std@@QAE@$$QAV?$_Tree_iterator@V?$_Tree_val@U?$_Tree_simple_types@U?$pair@$$CBV?$basic_string@DU?$char_traits@D@std@@V?$allocator@D@2@@std@@V12@@std@@@std@@@std@@@1@$$QA_N@Z 100138e0 f i ehl.ftpdata.save.obj
 0002:00002980       ??$?0V?$basic_string@DU?$char_traits@D@std@@V?$allocator@D@2@@std@@$$$VPAPAX@?$tuple@$$QAV?$basic_string@DU?$char_traits@D@std@@V?$allocator@D@2@@std@@@std@@QAE@$$QAV?$basic_string@DU?$char_traits@D@std@@V?$allocator@D@2@@1@@Z 10013980 f i ehl.ftpdata.save.obj
 0002:000029d0       ??$?0V?$basic_string@DU?$char_traits@D@std@@V?$allocator@D@2@@std@@@?$_Tuple_val@$$QAV?$basic_string@DU?$char_traits@D@std@@V?$allocator@D@2@@std@@@std@@QAE@$$QAV?$basic_string@DU?$char_traits@D@std@@V?$allocator@D@2@@1@@Z 100139d0 f i ehl.ftpdata.save.obj
 0002:00002a10       ??$?0V?$basic_string@DU?$char_traits@D@std@@V?$allocator@D@2@@std@@V01@X@?$pair@$$CBV?$basic_string@DU?$char_traits@D@std@@V?$allocator@D@2@@std@@V12@@std@@QAE@$$QAU?$pair@V?$basic_string@DU?$char_traits@D@std@@V?$allocator@D@2@@std@@V12@@1@@Z 10013a10 f i ehl.ftpdata.save.obj
 0002:00002ab0       ??$?0V?$tuple@$$QAV?$basic_string@DU?$char_traits@D@std@@V?$allocator@D@2@@std@@@std@@V?$tuple@$$$V@1@$0A@$S@?$pair@$$CBV?$basic_string@DU?$char_traits@D@std@@V?$allocator@D@2@@std@@H@std@@QAE@AAV?$tuple@$$QAV?$basic_string@DU?$char_traits@D@std@@V?$allocator@D@2@@std@@@1@AAV?$tuple@$$$V@1@U?$_Arg_idx@$0A@@1@U?$_Arg_idx@$S@1@@Z 10013ab0 f i ehl.ftpdata.save.obj
 0002:00002b00       ??$?MDU?$char_traits@D@std@@V?$allocator@D@1@@std@@YA_NABV?$basic_string@DU?$char_traits@D@std@@V?$allocator@D@2@@0@0@Z 10013b00 f i ehl.ftpdata.save.obj
 0002:00002b40       ??$_Allocate@D@std@@YAPADIPAD@Z 10013b40 f i ehl.ftpdata.save.obj
 0002:00002ba0       ??$_Allocate@U?$_List_node@PAU_tmpdata@waitproc_info@@PAX@std@@@std@@YAPAU?$_List_node@PAU_tmpdata@waitproc_info@@PAX@0@IPAU10@@Z 10013ba0 f i ehl.ftpdata.save.obj
 0002:00002c00       ??$_Allocate@U?$_Tree_node@U?$pair@$$CBV?$basic_string@DU?$char_traits@D@std@@V?$allocator@D@2@@std@@H@std@@PAX@std@@@std@@YAPAU?$_Tree_node@U?$pair@$$CBV?$basic_string@DU?$char_traits@D@std@@V?$allocator@D@2@@std@@H@std@@PAX@0@IPAU10@@Z 10013c00 f i ehl.ftpdata.save.obj
 0002:00002c60       ??$_Allocate@U?$_Tree_node@U?$pair@$$CBV?$basic_string@DU?$char_traits@D@std@@V?$allocator@D@2@@std@@V12@@std@@PAX@std@@@std@@YAPAU?$_Tree_node@U?$pair@$$CBV?$basic_string@DU?$char_traits@D@std@@V?$allocator@D@2@@std@@V12@@std@@PAX@0@IPAU10@@Z 10013c60 f i ehl.ftpdata.save.obj
 0002:00002cc0       ??$_Allocate@U_Container_proxy@std@@@std@@YAPAU_Container_proxy@0@IPAU10@@Z 10013cc0 f i ehl.ftpdata.save.obj
 0002:00002d20       ??$_Buynode@ABQAU_tmpdata@waitproc_info@@@?$_List_buy@PAU_tmpdata@waitproc_info@@V?$allocator@PAU_tmpdata@waitproc_info@@@std@@@std@@QAEPAU?$_List_node@PAU_tmpdata@waitproc_info@@PAX@1@PAU21@0ABQAU_tmpdata@waitproc_info@@@Z 10013d20 f i ehl.ftpdata.save.obj
 0002:00002e40       ??$_Buynode@ABUpiecewise_construct_t@std@@V?$tuple@$$QAV?$basic_string@DU?$char_traits@D@std@@V?$allocator@D@2@@std@@@2@V?$tuple@$$$V@2@@?$_Tree_buy@U?$pair@$$CBV?$basic_string@DU?$char_traits@D@std@@V?$allocator@D@2@@std@@H@std@@V?$allocator@U?$pair@$$CBV?$basic_string@DU?$char_traits@D@std@@V?$allocator@D@2@@std@@H@std@@@2@@std@@QAEPAU?$_Tree_node@U?$pair@$$CBV?$basic_string@DU?$char_traits@D@std@@V?$allocator@D@2@@std@@H@std@@PAX@1@ABUpiecewise_construct_t@1@$$QAV?$tuple@$$QAV?$basic_string@DU?$char_traits@D@std@@V?$allocator@D@2@@std@@@1@$$QAV?$tuple@$$$V@1@@Z 10013e40 f i ehl.ftpdata.save.obj
 0002:00002fa0       ??$_Buynode@U?$pair@V?$basic_string@DU?$char_traits@D@std@@V?$allocator@D@2@@std@@V12@@std@@@?$_Tree_buy@U?$pair@$$CBV?$basic_string@DU?$char_traits@D@std@@V?$allocator@D@2@@std@@V12@@std@@V?$allocator@U?$pair@$$CBV?$basic_string@DU?$char_traits@D@std@@V?$allocator@D@2@@std@@V12@@std@@@2@@std@@QAEPAU?$_Tree_node@U?$pair@$$CBV?$basic_string@DU?$char_traits@D@std@@V?$allocator@D@2@@std@@V12@@std@@PAX@1@$$QAU?$pair@V?$basic_string@DU?$char_traits@D@std@@V?$allocator@D@2@@std@@V12@@1@@Z 10013fa0 f i ehl.ftpdata.save.obj
 0002:000030d0       ??$_Buynode_if_nil@AAU?$pair@$$CBV?$basic_string@DU?$char_traits@D@std@@V?$allocator@D@2@@std@@H@std@@@?$_Tree@V?$_Tmap_traits@V?$basic_string@DU?$char_traits@D@std@@V?$allocator@D@2@@std@@HU?$less@V?$basic_string@DU?$char_traits@D@std@@V?$allocator@D@2@@std@@@2@V?$allocator@U?$pair@$$CBV?$basic_string@DU?$char_traits@D@std@@V?$allocator@D@2@@std@@H@std@@@2@$0A@@std@@@std@@IAEPAU?$_Tree_node@U?$pair@$$CBV?$basic_string@DU?$char_traits@D@std@@V?$allocator@D@2@@std@@H@std@@PAX@1@PAU21@AAU?$pair@$$CBV?$basic_string@DU?$char_traits@D@std@@V?$allocator@D@2@@std@@H@1@@Z 100140d0 f i ehl.ftpdata.save.obj
 0002:000030f0       ??$_Buynode_if_nil@AAU?$pair@$$CBV?$basic_string@DU?$char_traits@D@std@@V?$allocator@D@2@@std@@V12@@std@@@?$_Tree@V?$_Tmap_traits@V?$basic_string@DU?$char_traits@D@std@@V?$allocator@D@2@@std@@V12@U?$less@V?$basic_string@DU?$char_traits@D@std@@V?$allocator@D@2@@std@@@2@V?$allocator@U?$pair@$$CBV?$basic_string@DU?$char_traits@D@std@@V?$allocator@D@2@@std@@V12@@std@@@2@$0A@@std@@@std@@IAEPAU?$_Tree_node@U?$pair@$$CBV?$basic_string@DU?$char_traits@D@std@@V?$allocator@D@2@@std@@V12@@std@@PAX@1@PAU21@AAU?$pair@$$CBV?$basic_string@DU?$char_traits@D@std@@V?$allocator@D@2@@std@@V12@@1@@Z 100140f0 f i ehl.ftpdata.save.obj
 0002:00003110       ??$_Debug_lt_pred@U?$less@V?$basic_string@DU?$char_traits@D@std@@V?$allocator@D@2@@std@@@std@@ABV?$basic_string@DU?$char_traits@D@std@@V?$allocator@D@2@@2@ABV32@@std@@YA_NU?$less@V?$basic_string@DU?$char_traits@D@std@@V?$allocator@D@2@@std@@@0@ABV?$basic_string@DU?$char_traits@D@std@@V?$allocator@D@2@@0@1PB_WI@Z 10014110 f i ehl.ftpdata.save.obj
 0002:000031b0       ??$_Debug_pointer@D@std@@YAXPBDPB_WI@Z 100141b0 f i ehl.ftpdata.save.obj
 0002:000031f0       ??$_Insert@ABQAU_tmpdata@waitproc_info@@@?$list@PAU_tmpdata@waitproc_info@@V?$allocator@PAU_tmpdata@waitproc_info@@@std@@@std@@QAEXV?$_List_unchecked_const_iterator@V?$_List_val@U?$_List_simple_types@PAU_tmpdata@waitproc_info@@@std@@@std@@U_Iterator_base0@2@@1@ABQAU_tmpdata@waitproc_info@@@Z 100141f0 f i ehl.ftpdata.save.obj
 0002:000032a0       ??$_Insert_at@AAU?$pair@$$CBV?$basic_string@DU?$char_traits@D@std@@V?$allocator@D@2@@std@@H@std@@PAU?$_Tree_node@U?$pair@$$CBV?$basic_string@DU?$char_traits@D@std@@V?$allocator@D@2@@std@@H@std@@PAX@2@@?$_Tree@V?$_Tmap_traits@V?$basic_string@DU?$char_traits@D@std@@V?$allocator@D@2@@std@@HU?$less@V?$basic_string@DU?$char_traits@D@std@@V?$allocator@D@2@@std@@@2@V?$allocator@U?$pair@$$CBV?$basic_string@DU?$char_traits@D@std@@V?$allocator@D@2@@std@@H@std@@@2@$0A@@std@@@std@@IAE?AV?$_Tree_iterator@V?$_Tree_val@U?$_Tree_simple_types@U?$pair@$$CBV?$basic_string@DU?$char_traits@D@std@@V?$allocator@D@2@@std@@H@std@@@std@@@std@@@1@_NPAU?$_Tree_node@U?$pair@$$CBV?$basic_string@DU?$char_traits@D@std@@V?$allocator@D@2@@std@@H@std@@PAX@1@AAU?$pair@$$CBV?$basic_string@DU?$char_traits@D@std@@V?$allocator@D@2@@std@@H@1@1@Z 100142a0 f i ehl.ftpdata.save.obj
 0002:000037f0       ??$_Insert_at@AAU?$pair@$$CBV?$basic_string@DU?$char_traits@D@std@@V?$allocator@D@2@@std@@V12@@std@@PAU?$_Tree_node@U?$pair@$$CBV?$basic_string@DU?$char_traits@D@std@@V?$allocator@D@2@@std@@V12@@std@@PAX@2@@?$_Tree@V?$_Tmap_traits@V?$basic_string@DU?$char_traits@D@std@@V?$allocator@D@2@@std@@V12@U?$less@V?$basic_string@DU?$char_traits@D@std@@V?$allocator@D@2@@std@@@2@V?$allocator@U?$pair@$$CBV?$basic_string@DU?$char_traits@D@std@@V?$allocator@D@2@@std@@V12@@std@@@2@$0A@@std@@@std@@IAE?AV?$_Tree_iterator@V?$_Tree_val@U?$_Tree_simple_types@U?$pair@$$CBV?$basic_string@DU?$char_traits@D@std@@V?$allocator@D@2@@std@@V12@@std@@@std@@@std@@@1@_NPAU?$_Tree_node@U?$pair@$$CBV?$basic_string@DU?$char_traits@D@std@@V?$allocator@D@2@@std@@V12@@std@@PAX@1@AAU?$pair@$$CBV?$basic_string@DU?$char_traits@D@std@@V?$allocator@D@2@@std@@V12@@1@1@Z 100147f0 f i ehl.ftpdata.save.obj
 0002:00003d40       ??$_Insert_hint@AAU?$pair@$$CBV?$basic_string@DU?$char_traits@D@std@@V?$allocator@D@2@@std@@H@std@@PAU?$_Tree_node@U?$pair@$$CBV?$basic_string@DU?$char_traits@D@std@@V?$allocator@D@2@@std@@H@std@@PAX@2@@?$_Tree@V?$_Tmap_traits@V?$basic_string@DU?$char_traits@D@std@@V?$allocator@D@2@@std@@HU?$less@V?$basic_string@DU?$char_traits@D@std@@V?$allocator@D@2@@std@@@2@V?$allocator@U?$pair@$$CBV?$basic_string@DU?$char_traits@D@std@@V?$allocator@D@2@@std@@H@std@@@2@$0A@@std@@@std@@IAE?AV?$_Tree_iterator@V?$_Tree_val@U?$_Tree_simple_types@U?$pair@$$CBV?$basic_string@DU?$char_traits@D@std@@V?$allocator@D@2@@std@@H@std@@@std@@@std@@@1@V?$_Tree_const_iterator@V?$_Tree_val@U?$_Tree_simple_types@U?$pair@$$CBV?$basic_string@DU?$char_traits@D@std@@V?$allocator@D@2@@std@@H@std@@@std@@@std@@@1@AAU?$pair@$$CBV?$basic_string@DU?$char_traits@D@std@@V?$allocator@D@2@@std@@H@1@PAU?$_Tree_node@U?$pair@$$CBV?$basic_string@DU?$char_traits@D@std@@V?$allocator@D@2@@std@@H@std@@PAX@1@@Z 10014d40 f i ehl.ftpdata.save.obj
 0002:000053a0       ??$_Insert_nohint@AAU?$pair@$$CBV?$basic_string@DU?$char_traits@D@std@@V?$allocator@D@2@@std@@H@std@@PAU?$_Tree_node@U?$pair@$$CBV?$basic_string@DU?$char_traits@D@std@@V?$allocator@D@2@@std@@H@std@@PAX@2@@?$_Tree@V?$_Tmap_traits@V?$basic_string@DU?$char_traits@D@std@@V?$allocator@D@2@@std@@HU?$less@V?$basic_string@DU?$char_traits@D@std@@V?$allocator@D@2@@std@@@2@V?$allocator@U?$pair@$$CBV?$basic_string@DU?$char_traits@D@std@@V?$allocator@D@2@@std@@H@std@@@2@$0A@@std@@@std@@IAE?AU?$pair@V?$_Tree_iterator@V?$_Tree_val@U?$_Tree_simple_types@U?$pair@$$CBV?$basic_string@DU?$char_traits@D@std@@V?$allocator@D@2@@std@@H@std@@@std@@@std@@@std@@_N@1@_NAAU?$pair@$$CBV?$basic_string@DU?$char_traits@D@std@@V?$allocator@D@2@@std@@H@1@PAU?$_Tree_node@U?$pair@$$CBV?$basic_string@DU?$char_traits@D@std@@V?$allocator@D@2@@std@@H@std@@PAX@1@@Z 100163a0 f i ehl.ftpdata.save.obj
 0002:00005a50       ??$_Insert_nohint@AAU?$pair@$$CBV?$basic_string@DU?$char_traits@D@std@@V?$allocator@D@2@@std@@V12@@std@@PAU?$_Tree_node@U?$pair@$$CBV?$basic_string@DU?$char_traits@D@std@@V?$allocator@D@2@@std@@V12@@std@@PAX@2@@?$_Tree@V?$_Tmap_traits@V?$basic_string@DU?$char_traits@D@std@@V?$allocator@D@2@@std@@V12@U?$less@V?$basic_string@DU?$char_traits@D@std@@V?$allocator@D@2@@std@@@2@V?$allocator@U?$pair@$$CBV?$basic_string@DU?$char_traits@D@std@@V?$allocator@D@2@@std@@V12@@std@@@2@$0A@@std@@@std@@IAE?AU?$pair@V?$_Tree_iterator@V?$_Tree_val@U?$_Tree_simple_types@U?$pair@$$CBV?$basic_string@DU?$char_traits@D@std@@V?$allocator@D@2@@std@@V12@@std@@@std@@@std@@@std@@_N@1@_NAAU?$pair@$$CBV?$basic_string@DU?$char_traits@D@std@@V?$allocator@D@2@@std@@V12@@1@PAU?$_Tree_node@U?$pair@$$CBV?$basic_string@DU?$char_traits@D@std@@V?$allocator@D@2@@std@@V12@@std@@PAX@1@@Z 10016a50 f i ehl.ftpdata.save.obj
 0002:00006100       ??$_Kfn@$$CBV?$basic_string@DU?$char_traits@D@std@@V?$allocator@D@2@@std@@H@?$_Tmap_traits@V?$basic_string@DU?$char_traits@D@std@@V?$allocator@D@2@@std@@HU?$less@V?$basic_string@DU?$char_traits@D@std@@V?$allocator@D@2@@std@@@2@V?$allocator@U?$pair@$$CBV?$basic_string@DU?$char_traits@D@std@@V?$allocator@D@2@@std@@H@std@@@2@$0A@@std@@SAABV?$basic_string@DU?$char_traits@D@std@@V?$allocator@D@2@@1@ABU?$pair@$$CBV?$basic_string@DU?$char_traits@D@std@@V?$allocator@D@2@@std@@H@1@@Z 10017100 f i ehl.ftpdata.save.obj
 0002:00006120       ??$_Kfn@$$CBV?$basic_string@DU?$char_traits@D@std@@V?$allocator@D@2@@std@@V12@@?$_Tmap_traits@V?$basic_string@DU?$char_traits@D@std@@V?$allocator@D@2@@std@@V12@U?$less@V?$basic_string@DU?$char_traits@D@std@@V?$allocator@D@2@@std@@@2@V?$allocator@U?$pair@$$CBV?$basic_string@DU?$char_traits@D@std@@V?$allocator@D@2@@std@@V12@@std@@@2@$0A@@std@@SAABV?$basic_string@DU?$char_traits@D@std@@V?$allocator@D@2@@1@ABU?$pair@$$CBV?$basic_string@DU?$char_traits@D@std@@V?$allocator@D@2@@std@@V12@@1@@Z 10017120 f i ehl.ftpdata.save.obj
 0002:00006140       ??$_Move@AAD@std@@YA$$QADAAD@Z 10017140 f i ehl.ftpdata.save.obj
 0002:00006160       ??$addressof@$$CBU?$pair@$$CBV?$basic_string@DU?$char_traits@D@std@@V?$allocator@D@2@@std@@V12@@std@@@std@@YAPBU?$pair@$$CBV?$basic_string@DU?$char_traits@D@std@@V?$allocator@D@2@@std@@V12@@0@ABU10@@Z 10017160 f i ehl.ftpdata.save.obj
 0002:00006180       ??$addressof@D@std@@YAPADAAD@Z 10017180 f i ehl.ftpdata.save.obj
 0002:000061a0       ??$addressof@PAU?$_List_node@PAU_tmpdata@waitproc_info@@PAX@std@@@std@@YAPAPAU?$_List_node@PAU_tmpdata@waitproc_info@@PAX@0@AAPAU10@@Z 100171a0 f i ehl.ftpdata.save.obj
 0002:000061c0       ??$addressof@PAU?$_Tree_node@U?$pair@$$CBV?$basic_string@DU?$char_traits@D@std@@V?$allocator@D@2@@std@@H@std@@PAX@std@@@std@@YAPAPAU?$_Tree_node@U?$pair@$$CBV?$basic_string@DU?$char_traits@D@std@@V?$allocator@D@2@@std@@H@std@@PAX@0@AAPAU10@@Z 100171c0 f i ehl.ftpdata.save.obj
 0002:000061e0       ??$addressof@PAU?$_Tree_node@U?$pair@$$CBV?$basic_string@DU?$char_traits@D@std@@V?$allocator@D@2@@std@@V12@@std@@PAX@std@@@std@@YAPAPAU?$_Tree_node@U?$pair@$$CBV?$basic_string@DU?$char_traits@D@std@@V?$allocator@D@2@@std@@V12@@std@@PAX@0@AAPAU10@@Z 100171e0 f i ehl.ftpdata.save.obj
 0002:00006200       ??$addressof@PAU_tmpdata@waitproc_info@@@std@@YAPAPAU_tmpdata@waitproc_info@@AAPAU12@@Z 10017200 f i ehl.ftpdata.save.obj
 0002:00006220       ??$addressof@QAU_tmpdata@waitproc_info@@@std@@YAPBQAU_tmpdata@waitproc_info@@ABQAU12@@Z 10017220 f i ehl.ftpdata.save.obj
 0002:00006240       ??$addressof@U?$pair@$$CBV?$basic_string@DU?$char_traits@D@std@@V?$allocator@D@2@@std@@H@std@@@std@@YAPAU?$pair@$$CBV?$basic_string@DU?$char_traits@D@std@@V?$allocator@D@2@@std@@H@0@AAU10@@Z 10017240 f i ehl.ftpdata.save.obj
 0002:00006260       ??$addressof@U?$pair@$$CBV?$basic_string@DU?$char_traits@D@std@@V?$allocator@D@2@@std@@V12@@std@@@std@@YAPAU?$pair@$$CBV?$basic_string@DU?$char_traits@D@std@@V?$allocator@D@2@@std@@V12@@0@AAU10@@Z 10017260 f i ehl.ftpdata.save.obj
 0002:00006280       ??$construct@PADAAPAD@?$_Wrap_alloc@V?$allocator@D@std@@@std@@QAEXPAPADAAPAD@Z 10017280 f i ehl.ftpdata.save.obj
 0002:000062c0       ??$construct@PADAAPAD@?$allocator@D@std@@QAEXPAPADAAPAD@Z 100172c0 f i ehl.ftpdata.save.obj
 0002:00006370       ??$construct@PADAAPAD@?$allocator_traits@V?$allocator@D@std@@@std@@SAXAAV?$allocator@D@1@PAPADAAPAD@Z 10017370 f i ehl.ftpdata.save.obj
 0002:000063b0       ??$construct@PAU?$_List_node@PAU_tmpdata@waitproc_info@@PAX@std@@AAPAU12@@?$_Wrap_alloc@V?$allocator@U?$_List_node@PAU_tmpdata@waitproc_info@@PAX@std@@@std@@@std@@QAEXPAPAU?$_List_node@PAU_tmpdata@waitproc_info@@PAX@1@AAPAU21@@Z 100173b0 f i ehl.ftpdata.save.obj
 0002:000063f0       ??$construct@PAU?$_List_node@PAU_tmpdata@waitproc_info@@PAX@std@@AAPAU12@@?$allocator@U?$_List_node@PAU_tmpdata@waitproc_info@@PAX@std@@@std@@QAEXPAPAU?$_List_node@PAU_tmpdata@waitproc_info@@PAX@1@AAPAU21@@Z 100173f0 f i ehl.ftpdata.save.obj
 0002:000064a0       ??$construct@PAU?$_List_node@PAU_tmpdata@waitproc_info@@PAX@std@@AAPAU12@@?$allocator_traits@V?$allocator@U?$_List_node@PAU_tmpdata@waitproc_info@@PAX@std@@@std@@@std@@SAXAAV?$allocator@U?$_List_node@PAU_tmpdata@waitproc_info@@PAX@std@@@1@PAPAU?$_List_node@PAU_tmpdata@waitproc_info@@PAX@1@AAPAU31@@Z 100174a0 f i ehl.ftpdata.save.obj
 0002:000064e0       ??$construct@PAU?$_Tree_node@U?$pair@$$CBV?$basic_string@DU?$char_traits@D@std@@V?$allocator@D@2@@std@@H@std@@PAX@std@@AAPAU12@@?$_Wrap_alloc@V?$allocator@U?$_Tree_node@U?$pair@$$CBV?$basic_string@DU?$char_traits@D@std@@V?$allocator@D@2@@std@@H@std@@PAX@std@@@std@@@std@@QAEXPAPAU?$_Tree_node@U?$pair@$$CBV?$basic_string@DU?$char_traits@D@std@@V?$allocator@D@2@@std@@H@std@@PAX@1@AAPAU21@@Z 100174e0 f i ehl.ftpdata.save.obj
 0002:00006520       ??$construct@PAU?$_Tree_node@U?$pair@$$CBV?$basic_string@DU?$char_traits@D@std@@V?$allocator@D@2@@std@@H@std@@PAX@std@@AAPAU12@@?$allocator@U?$_Tree_node@U?$pair@$$CBV?$basic_string@DU?$char_traits@D@std@@V?$allocator@D@2@@std@@H@std@@PAX@std@@@std@@QAEXPAPAU?$_Tree_node@U?$pair@$$CBV?$basic_string@DU?$char_traits@D@std@@V?$allocator@D@2@@std@@H@std@@PAX@1@AAPAU21@@Z 10017520 f i ehl.ftpdata.save.obj
 0002:000065d0       ??$construct@PAU?$_Tree_node@U?$pair@$$CBV?$basic_string@DU?$char_traits@D@std@@V?$allocator@D@2@@std@@H@std@@PAX@std@@AAPAU12@@?$allocator_traits@V?$allocator@U?$_Tree_node@U?$pair@$$CBV?$basic_string@DU?$char_traits@D@std@@V?$allocator@D@2@@std@@H@std@@PAX@std@@@std@@@std@@SAXAAV?$allocator@U?$_Tree_node@U?$pair@$$CBV?$basic_string@DU?$char_traits@D@std@@V?$allocator@D@2@@std@@H@std@@PAX@std@@@1@PAPAU?$_Tree_node@U?$pair@$$CBV?$basic_string@DU?$char_traits@D@std@@V?$allocator@D@2@@std@@H@std@@PAX@1@AAPAU31@@Z 100175d0 f i ehl.ftpdata.save.obj
 0002:00006610       ??$construct@PAU?$_Tree_node@U?$pair@$$CBV?$basic_string@DU?$char_traits@D@std@@V?$allocator@D@2@@std@@V12@@std@@PAX@std@@AAPAU12@@?$_Wrap_alloc@V?$allocator@U?$_Tree_node@U?$pair@$$CBV?$basic_string@DU?$char_traits@D@std@@V?$allocator@D@2@@std@@V12@@std@@PAX@std@@@std@@@std@@QAEXPAPAU?$_Tree_node@U?$pair@$$CBV?$basic_string@DU?$char_traits@D@std@@V?$allocator@D@2@@std@@V12@@std@@PAX@1@AAPAU21@@Z 10017610 f i ehl.ftpdata.save.obj
 0002:00006650       ??$construct@PAU?$_Tree_node@U?$pair@$$CBV?$basic_string@DU?$char_traits@D@std@@V?$allocator@D@2@@std@@V12@@std@@PAX@std@@AAPAU12@@?$allocator@U?$_Tree_node@U?$pair@$$CBV?$basic_string@DU?$char_traits@D@std@@V?$allocator@D@2@@std@@V12@@std@@PAX@std@@@std@@QAEXPAPAU?$_Tree_node@U?$pair@$$CBV?$basic_string@DU?$char_traits@D@std@@V?$allocator@D@2@@std@@V12@@std@@PAX@1@AAPAU21@@Z 10017650 f i ehl.ftpdata.save.obj
 0002:00006700       ??$construct@PAU?$_Tree_node@U?$pair@$$CBV?$basic_string@DU?$char_traits@D@std@@V?$allocator@D@2@@std@@V12@@std@@PAX@std@@AAPAU12@@?$allocator_traits@V?$allocator@U?$_Tree_node@U?$pair@$$CBV?$basic_string@DU?$char_traits@D@std@@V?$allocator@D@2@@std@@V12@@std@@PAX@std@@@std@@@std@@SAXAAV?$allocator@U?$_Tree_node@U?$pair@$$CBV?$basic_string@DU?$char_traits@D@std@@V?$allocator@D@2@@std@@V12@@std@@PAX@std@@@1@PAPAU?$_Tree_node@U?$pair@$$CBV?$basic_string@DU?$char_traits@D@std@@V?$allocator@D@2@@std@@V12@@std@@PAX@1@AAPAU31@@Z 10017700 f i ehl.ftpdata.save.obj
 0002:00006740       ??$construct@PAU_tmpdata@waitproc_info@@ABQAU12@@?$_Wrap_alloc@V?$allocator@U?$_List_node@PAU_tmpdata@waitproc_info@@PAX@std@@@std@@@std@@QAEXPAPAU_tmpdata@waitproc_info@@ABQAU23@@Z 10017740 f i ehl.ftpdata.save.obj
 0002:00006780       ??$construct@PAU_tmpdata@waitproc_info@@ABQAU12@@?$allocator@U?$_List_node@PAU_tmpdata@waitproc_info@@PAX@std@@@std@@QAEXPAPAU_tmpdata@waitproc_info@@ABQAU23@@Z 10017780 f i ehl.ftpdata.save.obj
 0002:00006830       ??$construct@PAU_tmpdata@waitproc_info@@ABQAU12@@?$allocator_traits@V?$allocator@U?$_List_node@PAU_tmpdata@waitproc_info@@PAX@std@@@std@@@std@@SAXAAV?$allocator@U?$_List_node@PAU_tmpdata@waitproc_info@@PAX@std@@@1@PAPAU_tmpdata@waitproc_info@@ABQAU34@@Z 10017830 f i ehl.ftpdata.save.obj
 0002:00006870       ??$construct@U?$pair@$$CBV?$basic_string@DU?$char_traits@D@std@@V?$allocator@D@2@@std@@H@std@@ABUpiecewise_construct_t@2@V?$tuple@$$QAV?$basic_string@DU?$char_traits@D@std@@V?$allocator@D@2@@std@@@2@V?$tuple@$$$V@2@@?$_Wrap_alloc@V?$allocator@U?$_Tree_node@U?$pair@$$CBV?$basic_string@DU?$char_traits@D@std@@V?$allocator@D@2@@std@@H@std@@PAX@std@@@std@@@std@@QAEXPAU?$pair@$$CBV?$basic_string@DU?$char_traits@D@std@@V?$allocator@D@2@@std@@H@1@ABUpiecewise_construct_t@1@$$QAV?$tuple@$$QAV?$basic_string@DU?$char_traits@D@std@@V?$allocator@D@2@@std@@@1@$$QAV?$tuple@$$$V@1@@Z 10017870 f i ehl.ftpdata.save.obj
 0002:000068d0       ??$construct@U?$pair@$$CBV?$basic_string@DU?$char_traits@D@std@@V?$allocator@D@2@@std@@H@std@@ABUpiecewise_construct_t@2@V?$tuple@$$QAV?$basic_string@DU?$char_traits@D@std@@V?$allocator@D@2@@std@@@2@V?$tuple@$$$V@2@@?$allocator@U?$_Tree_node@U?$pair@$$CBV?$basic_string@DU?$char_traits@D@std@@V?$allocator@D@2@@std@@H@std@@PAX@std@@@std@@QAEXPAU?$pair@$$CBV?$basic_string@DU?$char_traits@D@std@@V?$allocator@D@2@@std@@H@1@ABUpiecewise_construct_t@1@$$QAV?$tuple@$$QAV?$basic_string@DU?$char_traits@D@std@@V?$allocator@D@2@@std@@@1@$$QAV?$tuple@$$$V@1@@Z 100178d0 f i ehl.ftpdata.save.obj
 0002:000069c0       ??$construct@U?$pair@$$CBV?$basic_string@DU?$char_traits@D@std@@V?$allocator@D@2@@std@@H@std@@ABUpiecewise_construct_t@2@V?$tuple@$$QAV?$basic_string@DU?$char_traits@D@std@@V?$allocator@D@2@@std@@@2@V?$tuple@$$$V@2@@?$allocator_traits@V?$allocator@U?$_Tree_node@U?$pair@$$CBV?$basic_string@DU?$char_traits@D@std@@V?$allocator@D@2@@std@@H@std@@PAX@std@@@std@@@std@@SAXAAV?$allocator@U?$_Tree_node@U?$pair@$$CBV?$basic_string@DU?$char_traits@D@std@@V?$allocator@D@2@@std@@H@std@@PAX@std@@@1@PAU?$pair@$$CBV?$basic_string@DU?$char_traits@D@std@@V?$allocator@D@2@@std@@H@1@ABUpiecewise_construct_t@1@$$QAV?$tuple@$$QAV?$basic_string@DU?$char_traits@D@std@@V?$allocator@D@2@@std@@@1@$$QAV?$tuple@$$$V@1@@Z 100179c0 f i ehl.ftpdata.save.obj
 0002:00006a20       ??$construct@U?$pair@$$CBV?$basic_string@DU?$char_traits@D@std@@V?$allocator@D@2@@std@@V12@@std@@U?$pair@V?$basic_string@DU?$char_traits@D@std@@V?$allocator@D@2@@std@@V12@@2@@?$_Wrap_alloc@V?$allocator@U?$_Tree_node@U?$pair@$$CBV?$basic_string@DU?$char_traits@D@std@@V?$allocator@D@2@@std@@V12@@std@@PAX@std@@@std@@@std@@QAEXPAU?$pair@$$CBV?$basic_string@DU?$char_traits@D@std@@V?$allocator@D@2@@std@@V12@@1@$$QAU?$pair@V?$basic_string@DU?$char_traits@D@std@@V?$allocator@D@2@@std@@V12@@1@@Z 10017a20 f i ehl.ftpdata.save.obj
 0002:00006a60       ??$construct@U?$pair@$$CBV?$basic_string@DU?$char_traits@D@std@@V?$allocator@D@2@@std@@V12@@std@@U?$pair@V?$basic_string@DU?$char_traits@D@std@@V?$allocator@D@2@@std@@V12@@2@@?$allocator@U?$_Tree_node@U?$pair@$$CBV?$basic_string@DU?$char_traits@D@std@@V?$allocator@D@2@@std@@V12@@std@@PAX@std@@@std@@QAEXPAU?$pair@$$CBV?$basic_string@DU?$char_traits@D@std@@V?$allocator@D@2@@std@@V12@@1@$$QAU?$pair@V?$basic_string@DU?$char_traits@D@std@@V?$allocator@D@2@@std@@V12@@1@@Z 10017a60 f i ehl.ftpdata.save.obj
 0002:00006b10       ??$construct@U?$pair@$$CBV?$basic_string@DU?$char_traits@D@std@@V?$allocator@D@2@@std@@V12@@std@@U?$pair@V?$basic_string@DU?$char_traits@D@std@@V?$allocator@D@2@@std@@V12@@2@@?$allocator_traits@V?$allocator@U?$_Tree_node@U?$pair@$$CBV?$basic_string@DU?$char_traits@D@std@@V?$allocator@D@2@@std@@V12@@std@@PAX@std@@@std@@@std@@SAXAAV?$allocator@U?$_Tree_node@U?$pair@$$CBV?$basic_string@DU?$char_traits@D@std@@V?$allocator@D@2@@std@@V12@@std@@PAX@std@@@1@PAU?$pair@$$CBV?$basic_string@DU?$char_traits@D@std@@V?$allocator@D@2@@std@@V12@@1@$$QAU?$pair@V?$basic_string@DU?$char_traits@D@std@@V?$allocator@D@2@@std@@V12@@1@@Z 10017b10 f i ehl.ftpdata.save.obj
 0002:00006b50       ??$construct@U_Container_proxy@std@@U12@@?$_Wrap_alloc@V?$allocator@U_Container_proxy@std@@@std@@@std@@QAEXPAU_Container_proxy@1@$$QAU21@@Z 10017b50 f i ehl.ftpdata.save.obj
 0002:00006b90       ??$construct@U_Container_proxy@std@@U12@@?$allocator@U_Container_proxy@std@@@std@@QAEXPAU_Container_proxy@1@$$QAU21@@Z 10017b90 f i ehl.ftpdata.save.obj
 0002:00006c50       ??$construct@U_Container_proxy@std@@U12@@?$allocator_traits@V?$allocator@U_Container_proxy@std@@@std@@@std@@SAXAAV?$allocator@U_Container_proxy@std@@@1@PAU_Container_proxy@1@$$QAU31@@Z 10017c50 f i ehl.ftpdata.save.obj
 0002:00006c90       ??$destroy@PAD@?$_Wrap_alloc@V?$allocator@D@std@@@std@@QAEXPAPAD@Z 10017c90 f i ehl.ftpdata.save.obj
 0002:00006cc0       ??$destroy@PAD@?$allocator@D@std@@QAEXPAPAD@Z 10017cc0 f i ehl.ftpdata.save.obj
 0002:00006ce0       ??$destroy@PAD@?$allocator_traits@V?$allocator@D@std@@@std@@SAXAAV?$allocator@D@1@PAPAD@Z 10017ce0 f i ehl.ftpdata.save.obj
 0002:00006d10       ??$destroy@PAU?$_List_node@PAU_tmpdata@waitproc_info@@PAX@std@@@?$_Wrap_alloc@V?$allocator@U?$_List_node@PAU_tmpdata@waitproc_info@@PAX@std@@@std@@@std@@QAEXPAPAU?$_List_node@PAU_tmpdata@waitproc_info@@PAX@1@@Z 10017d10 f i ehl.ftpdata.save.obj
 0002:00006d40       ??$destroy@PAU?$_List_node@PAU_tmpdata@waitproc_info@@PAX@std@@@?$allocator@U?$_List_node@PAU_tmpdata@waitproc_info@@PAX@std@@@std@@QAEXPAPAU?$_List_node@PAU_tmpdata@waitproc_info@@PAX@1@@Z 10017d40 f i ehl.ftpdata.save.obj
 0002:00006d60       ??$destroy@PAU?$_List_node@PAU_tmpdata@waitproc_info@@PAX@std@@@?$allocator_traits@V?$allocator@U?$_List_node@PAU_tmpdata@waitproc_info@@PAX@std@@@std@@@std@@SAXAAV?$allocator@U?$_List_node@PAU_tmpdata@waitproc_info@@PAX@std@@@1@PAPAU?$_List_node@PAU_tmpdata@waitproc_info@@PAX@1@@Z 10017d60 f i ehl.ftpdata.save.obj
 0002:00006d90       ??$destroy@PAU?$_Tree_node@U?$pair@$$CBV?$basic_string@DU?$char_traits@D@std@@V?$allocator@D@2@@std@@H@std@@PAX@std@@@?$_Wrap_alloc@V?$allocator@U?$_Tree_node@U?$pair@$$CBV?$basic_string@DU?$char_traits@D@std@@V?$allocator@D@2@@std@@H@std@@PAX@std@@@std@@@std@@QAEXPAPAU?$_Tree_node@U?$pair@$$CBV?$basic_string@DU?$char_traits@D@std@@V?$allocator@D@2@@std@@H@std@@PAX@1@@Z 10017d90 f i ehl.ftpdata.save.obj
 0002:00006dc0       ??$destroy@PAU?$_Tree_node@U?$pair@$$CBV?$basic_string@DU?$char_traits@D@std@@V?$allocator@D@2@@std@@H@std@@PAX@std@@@?$allocator@U?$_Tree_node@U?$pair@$$CBV?$basic_string@DU?$char_traits@D@std@@V?$allocator@D@2@@std@@H@std@@PAX@std@@@std@@QAEXPAPAU?$_Tree_node@U?$pair@$$CBV?$basic_string@DU?$char_traits@D@std@@V?$allocator@D@2@@std@@H@std@@PAX@1@@Z 10017dc0 f i ehl.ftpdata.save.obj
 0002:00006de0       ??$destroy@PAU?$_Tree_node@U?$pair@$$CBV?$basic_string@DU?$char_traits@D@std@@V?$allocator@D@2@@std@@H@std@@PAX@std@@@?$allocator_traits@V?$allocator@U?$_Tree_node@U?$pair@$$CBV?$basic_string@DU?$char_traits@D@std@@V?$allocator@D@2@@std@@H@std@@PAX@std@@@std@@@std@@SAXAAV?$allocator@U?$_Tree_node@U?$pair@$$CBV?$basic_string@DU?$char_traits@D@std@@V?$allocator@D@2@@std@@H@std@@PAX@std@@@1@PAPAU?$_Tree_node@U?$pair@$$CBV?$basic_string@DU?$char_traits@D@std@@V?$allocator@D@2@@std@@H@std@@PAX@1@@Z 10017de0 f i ehl.ftpdata.save.obj
 0002:00006e10       ??$destroy@PAU?$_Tree_node@U?$pair@$$CBV?$basic_string@DU?$char_traits@D@std@@V?$allocator@D@2@@std@@V12@@std@@PAX@std@@@?$_Wrap_alloc@V?$allocator@U?$_Tree_node@U?$pair@$$CBV?$basic_string@DU?$char_traits@D@std@@V?$allocator@D@2@@std@@V12@@std@@PAX@std@@@std@@@std@@QAEXPAPAU?$_Tree_node@U?$pair@$$CBV?$basic_string@DU?$char_traits@D@std@@V?$allocator@D@2@@std@@V12@@std@@PAX@1@@Z 10017e10 f i ehl.ftpdata.save.obj
 0002:00006e40       ??$destroy@PAU?$_Tree_node@U?$pair@$$CBV?$basic_string@DU?$char_traits@D@std@@V?$allocator@D@2@@std@@V12@@std@@PAX@std@@@?$allocator@U?$_Tree_node@U?$pair@$$CBV?$basic_string@DU?$char_traits@D@std@@V?$allocator@D@2@@std@@V12@@std@@PAX@std@@@std@@QAEXPAPAU?$_Tree_node@U?$pair@$$CBV?$basic_string@DU?$char_traits@D@std@@V?$allocator@D@2@@std@@V12@@std@@PAX@1@@Z 10017e40 f i ehl.ftpdata.save.obj
 0002:00006e60       ??$destroy@PAU?$_Tree_node@U?$pair@$$CBV?$basic_string@DU?$char_traits@D@std@@V?$allocator@D@2@@std@@V12@@std@@PAX@std@@@?$allocator_traits@V?$allocator@U?$_Tree_node@U?$pair@$$CBV?$basic_string@DU?$char_traits@D@std@@V?$allocator@D@2@@std@@V12@@std@@PAX@std@@@std@@@std@@SAXAAV?$allocator@U?$_Tree_node@U?$pair@$$CBV?$basic_string@DU?$char_traits@D@std@@V?$allocator@D@2@@std@@V12@@std@@PAX@std@@@1@PAPAU?$_Tree_node@U?$pair@$$CBV?$basic_string@DU?$char_traits@D@std@@V?$allocator@D@2@@std@@V12@@std@@PAX@1@@Z 10017e60 f i ehl.ftpdata.save.obj
 0002:00006e90       ??$destroy@PAU_tmpdata@waitproc_info@@@?$_Wrap_alloc@V?$allocator@U?$_List_node@PAU_tmpdata@waitproc_info@@PAX@std@@@std@@@std@@QAEXPAPAU_tmpdata@waitproc_info@@@Z 10017e90 f i ehl.ftpdata.save.obj
 0002:00006ec0       ??$destroy@PAU_tmpdata@waitproc_info@@@?$allocator@U?$_List_node@PAU_tmpdata@waitproc_info@@PAX@std@@@std@@QAEXPAPAU_tmpdata@waitproc_info@@@Z 10017ec0 f i ehl.ftpdata.save.obj
 0002:00006ee0       ??$destroy@PAU_tmpdata@waitproc_info@@@?$allocator_traits@V?$allocator@U?$_List_node@PAU_tmpdata@waitproc_info@@PAX@std@@@std@@@std@@SAXAAV?$allocator@U?$_List_node@PAU_tmpdata@waitproc_info@@PAX@std@@@1@PAPAU_tmpdata@waitproc_info@@@Z 10017ee0 f i ehl.ftpdata.save.obj
 0002:00006f10       ??$destroy@U?$pair@$$CBV?$basic_string@DU?$char_traits@D@std@@V?$allocator@D@2@@std@@H@std@@@?$_Wrap_alloc@V?$allocator@U?$_Tree_node@U?$pair@$$CBV?$basic_string@DU?$char_traits@D@std@@V?$allocator@D@2@@std@@H@std@@PAX@std@@@std@@@std@@QAEXPAU?$pair@$$CBV?$basic_string@DU?$char_traits@D@std@@V?$allocator@D@2@@std@@H@1@@Z 10017f10 f i ehl.ftpdata.save.obj
 0002:00006f40       ??$destroy@U?$pair@$$CBV?$basic_string@DU?$char_traits@D@std@@V?$allocator@D@2@@std@@H@std@@@?$allocator@U?$_Tree_node@U?$pair@$$CBV?$basic_string@DU?$char_traits@D@std@@V?$allocator@D@2@@std@@H@std@@PAX@std@@@std@@QAEXPAU?$pair@$$CBV?$basic_string@DU?$char_traits@D@std@@V?$allocator@D@2@@std@@H@1@@Z 10017f40 f i ehl.ftpdata.save.obj
 0002:00006f70       ??$destroy@U?$pair@$$CBV?$basic_string@DU?$char_traits@D@std@@V?$allocator@D@2@@std@@H@std@@@?$allocator_traits@V?$allocator@U?$_Tree_node@U?$pair@$$CBV?$basic_string@DU?$char_traits@D@std@@V?$allocator@D@2@@std@@H@std@@PAX@std@@@std@@@std@@SAXAAV?$allocator@U?$_Tree_node@U?$pair@$$CBV?$basic_string@DU?$char_traits@D@std@@V?$allocator@D@2@@std@@H@std@@PAX@std@@@1@PAU?$pair@$$CBV?$basic_string@DU?$char_traits@D@std@@V?$allocator@D@2@@std@@H@1@@Z 10017f70 f i ehl.ftpdata.save.obj
 0002:00006fa0       ??$destroy@U?$pair@$$CBV?$basic_string@DU?$char_traits@D@std@@V?$allocator@D@2@@std@@V12@@std@@@?$_Wrap_alloc@V?$allocator@U?$_Tree_node@U?$pair@$$CBV?$basic_string@DU?$char_traits@D@std@@V?$allocator@D@2@@std@@V12@@std@@PAX@std@@@std@@@std@@QAEXPAU?$pair@$$CBV?$basic_string@DU?$char_traits@D@std@@V?$allocator@D@2@@std@@V12@@1@@Z 10017fa0 f i ehl.ftpdata.save.obj
 0002:00006fd0       ??$destroy@U?$pair@$$CBV?$basic_string@DU?$char_traits@D@std@@V?$allocator@D@2@@std@@V12@@std@@@?$allocator@U?$_Tree_node@U?$pair@$$CBV?$basic_string@DU?$char_traits@D@std@@V?$allocator@D@2@@std@@V12@@std@@PAX@std@@@std@@QAEXPAU?$pair@$$CBV?$basic_string@DU?$char_traits@D@std@@V?$allocator@D@2@@std@@V12@@1@@Z 10017fd0 f i ehl.ftpdata.save.obj
 0002:00007000       ??$destroy@U?$pair@$$CBV?$basic_string@DU?$char_traits@D@std@@V?$allocator@D@2@@std@@V12@@std@@@?$allocator_traits@V?$allocator@U?$_Tree_node@U?$pair@$$CBV?$basic_string@DU?$char_traits@D@std@@V?$allocator@D@2@@std@@V12@@std@@PAX@std@@@std@@@std@@SAXAAV?$allocator@U?$_Tree_node@U?$pair@$$CBV?$basic_string@DU?$char_traits@D@std@@V?$allocator@D@2@@std@@V12@@std@@PAX@std@@@1@PAU?$pair@$$CBV?$basic_string@DU?$char_traits@D@std@@V?$allocator@D@2@@std@@V12@@1@@Z 10018000 f i ehl.ftpdata.save.obj
 0002:00007030       ??$destroy@U_Container_proxy@std@@@?$_Wrap_alloc@V?$allocator@U_Container_proxy@std@@@std@@@std@@QAEXPAU_Container_proxy@1@@Z 10018030 f i ehl.ftpdata.save.obj
 0002:00007060       ??$destroy@U_Container_proxy@std@@@?$allocator@U_Container_proxy@std@@@std@@QAEXPAU_Container_proxy@1@@Z 10018060 f i ehl.ftpdata.save.obj
 0002:00007080       ??$destroy@U_Container_proxy@std@@@?$allocator_traits@V?$allocator@U_Container_proxy@std@@@std@@@std@@SAXAAV?$allocator@U_Container_proxy@std@@@1@PAU_Container_proxy@1@@Z 10018080 f i ehl.ftpdata.save.obj
 0002:000070b0       ??$emplace_hint@ABUpiecewise_construct_t@std@@V?$tuple@$$QAV?$basic_string@DU?$char_traits@D@std@@V?$allocator@D@2@@std@@@2@V?$tuple@$$$V@2@@?$_Tree@V?$_Tmap_traits@V?$basic_string@DU?$char_traits@D@std@@V?$allocator@D@2@@std@@HU?$less@V?$basic_string@DU?$char_traits@D@std@@V?$allocator@D@2@@std@@@2@V?$allocator@U?$pair@$$CBV?$basic_string@DU?$char_traits@D@std@@V?$allocator@D@2@@std@@H@std@@@2@$0A@@std@@@std@@QAE?AV?$_Tree_iterator@V?$_Tree_val@U?$_Tree_simple_types@U?$pair@$$CBV?$basic_string@DU?$char_traits@D@std@@V?$allocator@D@2@@std@@H@std@@@std@@@std@@@1@V?$_Tree_const_iterator@V?$_Tree_val@U?$_Tree_simple_types@U?$pair@$$CBV?$basic_string@DU?$char_traits@D@std@@V?$allocator@D@2@@std@@H@std@@@std@@@std@@@1@ABUpiecewise_construct_t@1@$$QAV?$tuple@$$QAV?$basic_string@DU?$char_traits@D@std@@V?$allocator@D@2@@std@@@1@$$QAV?$tuple@$$$V@1@@Z 100180b0 f i ehl.ftpdata.save.obj
 0002:000071c0       ??$forward@$$QAV?$basic_string@DU?$char_traits@D@std@@V?$allocator@D@2@@std@@@std@@YA$$QAV?$basic_string@DU?$char_traits@D@std@@V?$allocator@D@2@@0@AAV10@@Z 100181c0 f i ehl.ftpdata.save.obj
 0002:000071e0       ??$forward@AAPAD@std@@YAAAPADAAPAD@Z 100181e0 f i ehl.ftpdata.save.obj
 0002:00007200       ??$forward@AAPAU?$_List_node@PAU_tmpdata@waitproc_info@@PAX@std@@@std@@YAAAPAU?$_List_node@PAU_tmpdata@waitproc_info@@PAX@0@AAPAU10@@Z 10018200 f i ehl.ftpdata.save.obj
 0002:00007220       ??$forward@AAPAU?$_Tree_node@U?$pair@$$CBV?$basic_string@DU?$char_traits@D@std@@V?$allocator@D@2@@std@@H@std@@PAX@std@@@std@@YAAAPAU?$_Tree_node@U?$pair@$$CBV?$basic_string@DU?$char_traits@D@std@@V?$allocator@D@2@@std@@H@std@@PAX@0@AAPAU10@@Z 10018220 f i ehl.ftpdata.save.obj
 0002:00007240       ??$forward@AAPAU?$_Tree_node@U?$pair@$$CBV?$basic_string@DU?$char_traits@D@std@@V?$allocator@D@2@@std@@V12@@std@@PAX@std@@@std@@YAAAPAU?$_Tree_node@U?$pair@$$CBV?$basic_string@DU?$char_traits@D@std@@V?$allocator@D@2@@std@@V12@@std@@PAX@0@AAPAU10@@Z 10018240 f i ehl.ftpdata.save.obj
 0002:00007260       ??$forward@AAPBD@std@@YAAAPBDAAPBD@Z 10018260 f i ehl.ftpdata.save.obj
 0002:00007280       ??$forward@AAU?$pair@$$CBV?$basic_string@DU?$char_traits@D@std@@V?$allocator@D@2@@std@@H@std@@@std@@YAAAU?$pair@$$CBV?$basic_string@DU?$char_traits@D@std@@V?$allocator@D@2@@std@@H@0@AAU10@@Z 10018280 f i ehl.ftpdata.save.obj
 0002:000072a0       ??$forward@AAU?$pair@$$CBV?$basic_string@DU?$char_traits@D@std@@V?$allocator@D@2@@std@@V12@@std@@@std@@YAAAU?$pair@$$CBV?$basic_string@DU?$char_traits@D@std@@V?$allocator@D@2@@std@@V12@@0@AAU10@@Z 100182a0 f i ehl.ftpdata.save.obj
 0002:000072c0       ??$forward@AAV?$_Tree_iterator@V?$_Tree_val@U?$_Tree_simple_types@U?$pair@$$CBV?$basic_string@DU?$char_traits@D@std@@V?$allocator@D@2@@std@@H@std@@@std@@@std@@@std@@@std@@YAAAV?$_Tree_iterator@V?$_Tree_val@U?$_Tree_simple_types@U?$pair@$$CBV?$basic_string@DU?$char_traits@D@std@@V?$allocator@D@2@@std@@H@std@@@std@@@std@@@0@AAV10@@Z 100182c0 f i ehl.ftpdata.save.obj
 0002:000072e0       ??$forward@AAV?$_Tree_iterator@V?$_Tree_val@U?$_Tree_simple_types@U?$pair@$$CBV?$basic_string@DU?$char_traits@D@std@@V?$allocator@D@2@@std@@V12@@std@@@std@@@std@@@std@@@std@@YAAAV?$_Tree_iterator@V?$_Tree_val@U?$_Tree_simple_types@U?$pair@$$CBV?$basic_string@DU?$char_traits@D@std@@V?$allocator@D@2@@std@@V12@@std@@@std@@@std@@@0@AAV10@@Z 100182e0 f i ehl.ftpdata.save.obj
 0002:00007300       ??$forward@AAV?$basic_string@DU?$char_traits@D@std@@V?$allocator@D@2@@std@@@std@@YAAAV?$basic_string@DU?$char_traits@D@std@@V?$allocator@D@2@@0@AAV10@@Z 10018300 f i ehl.ftpdata.save.obj
 0002:00007320       ??$forward@AAY0BAA@D@std@@YAAAY0BAA@DAAY0BAA@D@Z 10018320 f i ehl.ftpdata.save.obj
 0002:00007340       ??$forward@ABQAU_tmpdata@waitproc_info@@@std@@YAABQAU_tmpdata@waitproc_info@@ABQAU12@@Z 10018340 f i ehl.ftpdata.save.obj
 0002:00007360       ??$forward@ABUpiecewise_construct_t@std@@@std@@YAABUpiecewise_construct_t@0@ABU10@@Z 10018360 f i ehl.ftpdata.save.obj
 0002:00007380       ??$forward@ABV?$basic_string@DU?$char_traits@D@std@@V?$allocator@D@2@@std@@@std@@YAABV?$basic_string@DU?$char_traits@D@std@@V?$allocator@D@2@@0@ABV10@@Z 10018380 f i ehl.ftpdata.save.obj
 0002:000073a0       ??$forward@U?$pair@V?$basic_string@DU?$char_traits@D@std@@V?$allocator@D@2@@std@@V12@@std@@@std@@YA$$QAU?$pair@V?$basic_string@DU?$char_traits@D@std@@V?$allocator@D@2@@std@@V12@@0@AAU10@@Z 100183a0 f i ehl.ftpdata.save.obj
 0002:000073c0       ??$forward@U_Container_proxy@std@@@std@@YA$$QAU_Container_proxy@0@AAU10@@Z 100183c0 f i ehl.ftpdata.save.obj
 0002:000073e0       ??$forward@V?$_Tree_iterator@V?$_Tree_val@U?$_Tree_simple_types@U?$pair@$$CBV?$basic_string@DU?$char_traits@D@std@@V?$allocator@D@2@@std@@H@std@@@std@@@std@@@std@@@std@@YA$$QAV?$_Tree_iterator@V?$_Tree_val@U?$_Tree_simple_types@U?$pair@$$CBV?$basic_string@DU?$char_traits@D@std@@V?$allocator@D@2@@std@@H@std@@@std@@@std@@@0@AAV10@@Z 100183e0 f i ehl.ftpdata.save.obj
 0002:00007400       ??$forward@V?$_Tree_iterator@V?$_Tree_val@U?$_Tree_simple_types@U?$pair@$$CBV?$basic_string@DU?$char_traits@D@std@@V?$allocator@D@2@@std@@V12@@std@@@std@@@std@@@std@@@std@@YA$$QAV?$_Tree_iterator@V?$_Tree_val@U?$_Tree_simple_types@U?$pair@$$CBV?$basic_string@DU?$char_traits@D@std@@V?$allocator@D@2@@std@@V12@@std@@@std@@@std@@@0@AAV10@@Z 10018400 f i ehl.ftpdata.save.obj
 0002:00007420       ??$forward@V?$basic_string@DU?$char_traits@D@std@@V?$allocator@D@2@@std@@@std@@YA$$QAV?$basic_string@DU?$char_traits@D@std@@V?$allocator@D@2@@0@AAV10@@Z 10018420 f i ehl.ftpdata.save.obj
 0002:00007440       ??$forward@V?$tuple@$$$V@std@@@std@@YA$$QAV?$tuple@$$$V@0@AAV10@@Z 10018440 f i ehl.ftpdata.save.obj
 0002:00007460       ??$forward@V?$tuple@$$QAV?$basic_string@DU?$char_traits@D@std@@V?$allocator@D@2@@std@@@std@@@std@@YA$$QAV?$tuple@$$QAV?$basic_string@DU?$char_traits@D@std@@V?$allocator@D@2@@std@@@0@AAV10@@Z 10018460 f i ehl.ftpdata.save.obj
 0002:00007480       ??$forward@_N@std@@YA$$QA_NAA_N@Z 10018480 f i ehl.ftpdata.save.obj
 0002:000074a0       ??$forward_as_tuple@V?$basic_string@DU?$char_traits@D@std@@V?$allocator@D@2@@std@@@std@@YA?AV?$tuple@$$QAV?$basic_string@DU?$char_traits@D@std@@V?$allocator@D@2@@std@@@0@$$QAV?$basic_string@DU?$char_traits@D@std@@V?$allocator@D@2@@0@@Z 100184a0 f i ehl.ftpdata.save.obj
 0002:000074e0       ??$get@$0A@$$QAV?$basic_string@DU?$char_traits@D@std@@V?$allocator@D@2@@std@@@std@@YA$$QAV?$basic_string@DU?$char_traits@D@std@@V?$allocator@D@2@@0@$$QAV?$tuple@$$QAV?$basic_string@DU?$char_traits@D@std@@V?$allocator@D@2@@std@@@0@@Z 100184e0 f i ehl.ftpdata.save.obj
 0002:00007510       ??$insert@U?$pair@V?$basic_string@DU?$char_traits@D@std@@V?$allocator@D@2@@std@@V12@@std@@@?$_Tree@V?$_Tmap_traits@V?$basic_string@DU?$char_traits@D@std@@V?$allocator@D@2@@std@@V12@U?$less@V?$basic_string@DU?$char_traits@D@std@@V?$allocator@D@2@@std@@@2@V?$allocator@U?$pair@$$CBV?$basic_string@DU?$char_traits@D@std@@V?$allocator@D@2@@std@@V12@@std@@@2@$0A@@std@@@std@@QAE?AU?$pair@V?$_Tree_iterator@V?$_Tree_val@U?$_Tree_simple_types@U?$pair@$$CBV?$basic_string@DU?$char_traits@D@std@@V?$allocator@D@2@@std@@V12@@std@@@std@@@std@@@std@@_N@1@$$QAU?$pair@V?$basic_string@DU?$char_traits@D@std@@V?$allocator@D@2@@std@@V12@@1@@Z 10018510 f i ehl.ftpdata.save.obj
 0002:00007590       ??$move@AAV?$basic_string@DU?$char_traits@D@std@@V?$allocator@D@2@@std@@@std@@YA$$QAV?$basic_string@DU?$char_traits@D@std@@V?$allocator@D@2@@0@AAV10@@Z 10018590 f i ehl.ftpdata.save.obj
 0002:000075b0       ??$move@AAV?$tuple@$$QAV?$basic_string@DU?$char_traits@D@std@@V?$allocator@D@2@@std@@@std@@@std@@YA$$QAV?$tuple@$$QAV?$basic_string@DU?$char_traits@D@std@@V?$allocator@D@2@@std@@@0@AAV10@@Z 100185b0 f i ehl.ftpdata.save.obj
 0002:000075d0       ??$swap@D@std@@YAXAAD0@Z   100185d0 f i ehl.ftpdata.save.obj
 0002:00007630       ??0?$_Iterator012@Ubidirectional_iterator_tag@std@@PAU_tmpdata@waitproc_info@@HPBQAU34@ABQAU34@U_Iterator_base12@2@@std@@QAE@ABU01@@Z 10018630 f i ehl.ftpdata.save.obj
 0002:00007660       ??0?$_Iterator012@Ubidirectional_iterator_tag@std@@PAU_tmpdata@waitproc_info@@HPBQAU34@ABQAU34@U_Iterator_base12@2@@std@@QAE@XZ 10018660 f i ehl.ftpdata.save.obj
 0002:00007690       ??0?$_Iterator012@Ubidirectional_iterator_tag@std@@U?$pair@$$CBV?$basic_string@DU?$char_traits@D@std@@V?$allocator@D@2@@std@@H@2@HPBU32@ABU32@U_Iterator_base12@2@@std@@QAE@ABU01@@Z 10018690 f i ehl.ftpdata.save.obj
 0002:000076c0       ??0?$_Iterator012@Ubidirectional_iterator_tag@std@@U?$pair@$$CBV?$basic_string@DU?$char_traits@D@std@@V?$allocator@D@2@@std@@H@2@HPBU32@ABU32@U_Iterator_base12@2@@std@@QAE@XZ 100186c0 f i ehl.ftpdata.save.obj
 0002:000076f0       ??0?$_Iterator012@Ubidirectional_iterator_tag@std@@U?$pair@$$CBV?$basic_string@DU?$char_traits@D@std@@V?$allocator@D@2@@std@@V12@@2@HPBU32@ABU32@U_Iterator_base12@2@@std@@QAE@ABU01@@Z 100186f0 f i ehl.ftpdata.save.obj
 0002:00007720       ??0?$_Iterator012@Ubidirectional_iterator_tag@std@@U?$pair@$$CBV?$basic_string@DU?$char_traits@D@std@@V?$allocator@D@2@@std@@V12@@2@HPBU32@ABU32@U_Iterator_base12@2@@std@@QAE@XZ 10018720 f i ehl.ftpdata.save.obj
 0002:00007750       ??0?$_List_alloc@$0A@U?$_List_base_types@PAU_tmpdata@waitproc_info@@V?$allocator@PAU_tmpdata@waitproc_info@@@std@@@std@@@std@@QAE@ABV?$allocator@PAU_tmpdata@waitproc_info@@@1@@Z 10018750 f i ehl.ftpdata.save.obj
 0002:00007820       ??0?$_List_buy@PAU_tmpdata@waitproc_info@@V?$allocator@PAU_tmpdata@waitproc_info@@@std@@@std@@QAE@ABV?$allocator@PAU_tmpdata@waitproc_info@@@1@@Z 10018820 f i ehl.ftpdata.save.obj
 0002:00007850       ??0?$_List_const_iterator@V?$_List_val@U?$_List_simple_types@PAU_tmpdata@waitproc_info@@@std@@@std@@@std@@QAE@ABV01@@Z 10018850 f i ehl.ftpdata.save.obj
 0002:00007880       ??0?$_List_const_iterator@V?$_List_val@U?$_List_simple_types@PAU_tmpdata@waitproc_info@@@std@@@std@@@std@@QAE@PAU?$_List_node@PAU_tmpdata@waitproc_info@@PAX@1@PBV?$_List_val@U?$_List_simple_types@PAU_tmpdata@waitproc_info@@@std@@@1@@Z 10018880 f i ehl.ftpdata.save.obj
 0002:000078c0       ??0?$_List_iterator@V?$_List_val@U?$_List_simple_types@PAU_tmpdata@waitproc_info@@@std@@@std@@@std@@QAE@ABV01@@Z 100188c0 f i ehl.ftpdata.save.obj
 0002:000078f0       ??0?$_List_iterator@V?$_List_val@U?$_List_simple_types@PAU_tmpdata@waitproc_info@@@std@@@std@@@std@@QAE@PAU?$_List_node@PAU_tmpdata@waitproc_info@@PAX@1@PBV?$_List_val@U?$_List_simple_types@PAU_tmpdata@waitproc_info@@@std@@@1@@Z 100188f0 f i ehl.ftpdata.save.obj
 0002:00007930       ??0?$_List_unchecked_const_iterator@V?$_List_val@U?$_List_simple_types@PAU_tmpdata@waitproc_info@@@std@@@std@@U_Iterator_base0@2@@std@@QAE@PAU?$_List_node@PAU_tmpdata@waitproc_info@@PAX@1@PBV?$_List_val@U?$_List_simple_types@PAU_tmpdata@waitproc_info@@@std@@@1@@Z 10018930 f i ehl.ftpdata.save.obj
 0002:00007970       ??0?$_List_unchecked_const_iterator@V?$_List_val@U?$_List_simple_types@PAU_tmpdata@waitproc_info@@@std@@@std@@U_Iterator_base12@2@@std@@QAE@ABV01@@Z 10018970 f i ehl.ftpdata.save.obj
 0002:000079b0       ??0?$_List_unchecked_const_iterator@V?$_List_val@U?$_List_simple_types@PAU_tmpdata@waitproc_info@@@std@@@std@@U_Iterator_base12@2@@std@@QAE@PAU?$_List_node@PAU_tmpdata@waitproc_info@@PAX@1@PBV?$_List_val@U?$_List_simple_types@PAU_tmpdata@waitproc_info@@@std@@@1@@Z 100189b0 f i ehl.ftpdata.save.obj
 0002:00007a40       ??0?$_List_unchecked_iterator@V?$_List_val@U?$_List_simple_types@PAU_tmpdata@waitproc_info@@@std@@@std@@@std@@QAE@PAU?$_List_node@PAU_tmpdata@waitproc_info@@PAX@1@PBV?$_List_val@U?$_List_simple_types@PAU_tmpdata@waitproc_info@@@std@@@1@@Z 10018a40 f i ehl.ftpdata.save.obj
 0002:00007a80       ??0?$_List_val@U?$_List_simple_types@PAU_tmpdata@waitproc_info@@@std@@@std@@QAE@XZ 10018a80 f i ehl.ftpdata.save.obj
 0002:00007ac0       ??0?$_String_alloc@$0A@U?$_String_base_types@DV?$allocator@D@std@@@std@@@std@@QAE@ABV?$allocator@D@1@@Z 10018ac0 f i ehl.ftpdata.save.obj
 0002:00007b40       ??0?$_String_val@U?$_Simple_types@D@std@@@std@@QAE@XZ 10018b40 f i ehl.ftpdata.save.obj
 0002:00007b80       ??0?$_Tree@V?$_Tmap_traits@V?$basic_string@DU?$char_traits@D@std@@V?$allocator@D@2@@std@@HU?$less@V?$basic_string@DU?$char_traits@D@std@@V?$allocator@D@2@@std@@@2@V?$allocator@U?$pair@$$CBV?$basic_string@DU?$char_traits@D@std@@V?$allocator@D@2@@std@@H@std@@@2@$0A@@std@@@std@@QAE@ABU?$less@V?$basic_string@DU?$char_traits@D@std@@V?$allocator@D@2@@std@@@1@ABV?$allocator@U?$pair@$$CBV?$basic_string@DU?$char_traits@D@std@@V?$allocator@D@2@@std@@H@std@@@1@@Z 10018b80 f i ehl.ftpdata.save.obj
 0002:00007bc0       ??0?$_Tree@V?$_Tmap_traits@V?$basic_string@DU?$char_traits@D@std@@V?$allocator@D@2@@std@@V12@U?$less@V?$basic_string@DU?$char_traits@D@std@@V?$allocator@D@2@@std@@@2@V?$allocator@U?$pair@$$CBV?$basic_string@DU?$char_traits@D@std@@V?$allocator@D@2@@std@@V12@@std@@@2@$0A@@std@@@std@@QAE@ABU?$less@V?$basic_string@DU?$char_traits@D@std@@V?$allocator@D@2@@std@@@1@ABV?$allocator@U?$pair@$$CBV?$basic_string@DU?$char_traits@D@std@@V?$allocator@D@2@@std@@V12@@std@@@1@@Z 10018bc0 f i ehl.ftpdata.save.obj
 0002:00007c00       ??0?$_Tree_alloc@$0A@U?$_Tree_base_types@U?$pair@$$CBV?$basic_string@DU?$char_traits@D@std@@V?$allocator@D@2@@std@@H@std@@V?$allocator@U?$pair@$$CBV?$basic_string@DU?$char_traits@D@std@@V?$allocator@D@2@@std@@H@std@@@2@@std@@@std@@QAE@ABV?$allocator@U?$pair@$$CBV?$basic_string@DU?$char_traits@D@std@@V?$allocator@D@2@@std@@H@std@@@1@@Z 10018c00 f i ehl.ftpdata.save.obj
 0002:00007cd0       ??0?$_Tree_alloc@$0A@U?$_Tree_base_types@U?$pair@$$CBV?$basic_string@DU?$char_traits@D@std@@V?$allocator@D@2@@std@@V12@@std@@V?$allocator@U?$pair@$$CBV?$basic_string@DU?$char_traits@D@std@@V?$allocator@D@2@@std@@V12@@std@@@2@@std@@@std@@QAE@ABV?$allocator@U?$pair@$$CBV?$basic_string@DU?$char_traits@D@std@@V?$allocator@D@2@@std@@V12@@std@@@1@@Z 10018cd0 f i ehl.ftpdata.save.obj
 0002:00007da0       ??0?$_Tree_buy@U?$pair@$$CBV?$basic_string@DU?$char_traits@D@std@@V?$allocator@D@2@@std@@H@std@@V?$allocator@U?$pair@$$CBV?$basic_string@DU?$char_traits@D@std@@V?$allocator@D@2@@std@@H@std@@@2@@std@@QAE@ABV?$allocator@U?$pair@$$CBV?$basic_string@DU?$char_traits@D@std@@V?$allocator@D@2@@std@@H@std@@@1@@Z 10018da0 f i ehl.ftpdata.save.obj
 0002:00007dd0       ??0?$_Tree_buy@U?$pair@$$CBV?$basic_string@DU?$char_traits@D@std@@V?$allocator@D@2@@std@@V12@@std@@V?$allocator@U?$pair@$$CBV?$basic_string@DU?$char_traits@D@std@@V?$allocator@D@2@@std@@V12@@std@@@2@@std@@QAE@ABV?$allocator@U?$pair@$$CBV?$basic_string@DU?$char_traits@D@std@@V?$allocator@D@2@@std@@V12@@std@@@1@@Z 10018dd0 f i ehl.ftpdata.save.obj
 0002:00007e00       ??0?$_Tree_comp@$0A@V?$_Tmap_traits@V?$basic_string@DU?$char_traits@D@std@@V?$allocator@D@2@@std@@HU?$less@V?$basic_string@DU?$char_traits@D@std@@V?$allocator@D@2@@std@@@2@V?$allocator@U?$pair@$$CBV?$basic_string@DU?$char_traits@D@std@@V?$allocator@D@2@@std@@H@std@@@2@$0A@@std@@@std@@QAE@ABU?$less@V?$basic_string@DU?$char_traits@D@std@@V?$allocator@D@2@@std@@@1@ABV?$allocator@U?$pair@$$CBV?$basic_string@DU?$char_traits@D@std@@V?$allocator@D@2@@std@@H@std@@@1@@Z 10018e00 f i ehl.ftpdata.save.obj
 0002:00007e30       ??0?$_Tree_comp@$0A@V?$_Tmap_traits@V?$basic_string@DU?$char_traits@D@std@@V?$allocator@D@2@@std@@V12@U?$less@V?$basic_string@DU?$char_traits@D@std@@V?$allocator@D@2@@std@@@2@V?$allocator@U?$pair@$$CBV?$basic_string@DU?$char_traits@D@std@@V?$allocator@D@2@@std@@V12@@std@@@2@$0A@@std@@@std@@QAE@ABU?$less@V?$basic_string@DU?$char_traits@D@std@@V?$allocator@D@2@@std@@@1@ABV?$allocator@U?$pair@$$CBV?$basic_string@DU?$char_traits@D@std@@V?$allocator@D@2@@std@@V12@@std@@@1@@Z 10018e30 f i ehl.ftpdata.save.obj
 0002:00007e60       ??0?$_Tree_const_iterator@V?$_Tree_val@U?$_Tree_simple_types@U?$pair@$$CBV?$basic_string@DU?$char_traits@D@std@@V?$allocator@D@2@@std@@H@std@@@std@@@std@@@std@@QAE@ABV01@@Z 10018e60 f i ehl.ftpdata.save.obj
 0002:00007e90       ??0?$_Tree_const_iterator@V?$_Tree_val@U?$_Tree_simple_types@U?$pair@$$CBV?$basic_string@DU?$char_traits@D@std@@V?$allocator@D@2@@std@@H@std@@@std@@@std@@@std@@QAE@PAU?$_Tree_node@U?$pair@$$CBV?$basic_string@DU?$char_traits@D@std@@V?$allocator@D@2@@std@@H@std@@PAX@1@PBV?$_Tree_val@U?$_Tree_simple_types@U?$pair@$$CBV?$basic_string@DU?$char_traits@D@std@@V?$allocator@D@2@@std@@H@std@@@std@@@1@@Z 10018e90 f i ehl.ftpdata.save.obj
 0002:00007ed0       ??0?$_Tree_const_iterator@V?$_Tree_val@U?$_Tree_simple_types@U?$pair@$$CBV?$basic_string@DU?$char_traits@D@std@@V?$allocator@D@2@@std@@H@std@@@std@@@std@@@std@@QAE@XZ 10018ed0 f i ehl.ftpdata.save.obj
 0002:00007f00       ??0?$_Tree_const_iterator@V?$_Tree_val@U?$_Tree_simple_types@U?$pair@$$CBV?$basic_string@DU?$char_traits@D@std@@V?$allocator@D@2@@std@@V12@@std@@@std@@@std@@@std@@QAE@ABV01@@Z 10018f00 f i ehl.ftpdata.save.obj
 0002:00007f30       ??0?$_Tree_const_iterator@V?$_Tree_val@U?$_Tree_simple_types@U?$pair@$$CBV?$basic_string@DU?$char_traits@D@std@@V?$allocator@D@2@@std@@V12@@std@@@std@@@std@@@std@@QAE@PAU?$_Tree_node@U?$pair@$$CBV?$basic_string@DU?$char_traits@D@std@@V?$allocator@D@2@@std@@V12@@std@@PAX@1@PBV?$_Tree_val@U?$_Tree_simple_types@U?$pair@$$CBV?$basic_string@DU?$char_traits@D@std@@V?$allocator@D@2@@std@@V12@@std@@@std@@@1@@Z 10018f30 f i ehl.ftpdata.save.obj
 0002:00007f70       ??0?$_Tree_iterator@V?$_Tree_val@U?$_Tree_simple_types@U?$pair@$$CBV?$basic_string@DU?$char_traits@D@std@@V?$allocator@D@2@@std@@H@std@@@std@@@std@@@std@@QAE@ABV01@@Z 10018f70 f i ehl.ftpdata.save.obj
 0002:00007fa0       ??0?$_Tree_iterator@V?$_Tree_val@U?$_Tree_simple_types@U?$pair@$$CBV?$basic_string@DU?$char_traits@D@std@@V?$allocator@D@2@@std@@H@std@@@std@@@std@@@std@@QAE@PAU?$_Tree_node@U?$pair@$$CBV?$basic_string@DU?$char_traits@D@std@@V?$allocator@D@2@@std@@H@std@@PAX@1@PBV?$_Tree_val@U?$_Tree_simple_types@U?$pair@$$CBV?$basic_string@DU?$char_traits@D@std@@V?$allocator@D@2@@std@@H@std@@@std@@@1@@Z 10018fa0 f i ehl.ftpdata.save.obj
 0002:00007fe0       ??0?$_Tree_iterator@V?$_Tree_val@U?$_Tree_simple_types@U?$pair@$$CBV?$basic_string@DU?$char_traits@D@std@@V?$allocator@D@2@@std@@V12@@std@@@std@@@std@@@std@@QAE@ABV01@@Z 10018fe0 f i ehl.ftpdata.save.obj
 0002:00008010       ??0?$_Tree_iterator@V?$_Tree_val@U?$_Tree_simple_types@U?$pair@$$CBV?$basic_string@DU?$char_traits@D@std@@V?$allocator@D@2@@std@@V12@@std@@@std@@@std@@@std@@QAE@PAU?$_Tree_node@U?$pair@$$CBV?$basic_string@DU?$char_traits@D@std@@V?$allocator@D@2@@std@@V12@@std@@PAX@1@PBV?$_Tree_val@U?$_Tree_simple_types@U?$pair@$$CBV?$basic_string@DU?$char_traits@D@std@@V?$allocator@D@2@@std@@V12@@std@@@std@@@1@@Z 10019010 f i ehl.ftpdata.save.obj
 0002:00008050       ??0?$_Tree_unchecked_const_iterator@V?$_Tree_val@U?$_Tree_simple_types@U?$pair@$$CBV?$basic_string@DU?$char_traits@D@std@@V?$allocator@D@2@@std@@H@std@@@std@@@std@@U_Iterator_base12@2@@std@@QAE@ABV01@@Z 10019050 f i ehl.ftpdata.save.obj
 0002:00008090       ??0?$_Tree_unchecked_const_iterator@V?$_Tree_val@U?$_Tree_simple_types@U?$pair@$$CBV?$basic_string@DU?$char_traits@D@std@@V?$allocator@D@2@@std@@H@std@@@std@@@std@@U_Iterator_base12@2@@std@@QAE@PAU?$_Tree_node@U?$pair@$$CBV?$basic_string@DU?$char_traits@D@std@@V?$allocator@D@2@@std@@H@std@@PAX@1@PBV?$_Tree_val@U?$_Tree_simple_types@U?$pair@$$CBV?$basic_string@DU?$char_traits@D@std@@V?$allocator@D@2@@std@@H@std@@@std@@@1@@Z 10019090 f i ehl.ftpdata.save.obj
 0002:00008120       ??0?$_Tree_unchecked_const_iterator@V?$_Tree_val@U?$_Tree_simple_types@U?$pair@$$CBV?$basic_string@DU?$char_traits@D@std@@V?$allocator@D@2@@std@@H@std@@@std@@@std@@U_Iterator_base12@2@@std@@QAE@XZ 10019120 f i ehl.ftpdata.save.obj
 0002:00008160       ??0?$_Tree_unchecked_const_iterator@V?$_Tree_val@U?$_Tree_simple_types@U?$pair@$$CBV?$basic_string@DU?$char_traits@D@std@@V?$allocator@D@2@@std@@V12@@std@@@std@@@std@@U_Iterator_base12@2@@std@@QAE@ABV01@@Z 10019160 f i ehl.ftpdata.save.obj
 0002:000081a0       ??0?$_Tree_unchecked_const_iterator@V?$_Tree_val@U?$_Tree_simple_types@U?$pair@$$CBV?$basic_string@DU?$char_traits@D@std@@V?$allocator@D@2@@std@@V12@@std@@@std@@@std@@U_Iterator_base12@2@@std@@QAE@PAU?$_Tree_node@U?$pair@$$CBV?$basic_string@DU?$char_traits@D@std@@V?$allocator@D@2@@std@@V12@@std@@PAX@1@PBV?$_Tree_val@U?$_Tree_simple_types@U?$pair@$$CBV?$basic_string@DU?$char_traits@D@std@@V?$allocator@D@2@@std@@V12@@std@@@std@@@1@@Z 100191a0 f i ehl.ftpdata.save.obj
 0002:00008230       ??0?$_Tree_val@U?$_Tree_simple_types@U?$pair@$$CBV?$basic_string@DU?$char_traits@D@std@@V?$allocator@D@2@@std@@H@std@@@std@@@std@@QAE@XZ 10019230 f i ehl.ftpdata.save.obj
 0002:00008270       ??0?$_Tree_val@U?$_Tree_simple_types@U?$pair@$$CBV?$basic_string@DU?$char_traits@D@std@@V?$allocator@D@2@@std@@V12@@std@@@std@@@std@@QAE@XZ 10019270 f i ehl.ftpdata.save.obj
 0002:000082b0       ??0?$_Wrap_alloc@V?$allocator@D@std@@@std@@QAE@ABV?$allocator@D@1@@Z 100192b0 f i ehl.ftpdata.save.obj
 0002:000082e0       ??0?$_Wrap_alloc@V?$allocator@D@std@@@std@@QAE@XZ 100192e0 f i ehl.ftpdata.save.obj
 0002:00008310       ??0?$_Wrap_alloc@V?$allocator@U?$_List_node@PAU_tmpdata@waitproc_info@@PAX@std@@@std@@@std@@QAE@XZ 10019310 f i ehl.ftpdata.save.obj
 0002:00008340       ??0?$_Wrap_alloc@V?$allocator@U?$_Tree_node@U?$pair@$$CBV?$basic_string@DU?$char_traits@D@std@@V?$allocator@D@2@@std@@H@std@@PAX@std@@@std@@@std@@QAE@XZ 10019340 f i ehl.ftpdata.save.obj
 0002:00008370       ??0?$_Wrap_alloc@V?$allocator@U?$_Tree_node@U?$pair@$$CBV?$basic_string@DU?$char_traits@D@std@@V?$allocator@D@2@@std@@V12@@std@@PAX@std@@@std@@@std@@QAE@XZ 10019370 f i ehl.ftpdata.save.obj
 0002:000083a0       ??0?$_Wrap_alloc@V?$allocator@U_Container_proxy@std@@@std@@@std@@QAE@XZ 100193a0 f i ehl.ftpdata.save.obj
 0002:000083d0       ??0?$allocator@D@std@@QAE@ABV01@@Z 100193d0 f i ehl.ftpdata.save.obj
 0002:000083f0       ??0?$allocator@D@std@@QAE@XZ 100193f0 f i ehl.ftpdata.save.obj
 0002:00008410       ??0?$allocator@PAU_tmpdata@waitproc_info@@@std@@QAE@XZ 10019410 f i ehl.ftpdata.save.obj
 0002:00008430       ??0?$allocator@U?$_List_node@PAU_tmpdata@waitproc_info@@PAX@std@@@std@@QAE@XZ 10019430 f i ehl.ftpdata.save.obj
 0002:00008450       ??0?$allocator@U?$_Tree_node@U?$pair@$$CBV?$basic_string@DU?$char_traits@D@std@@V?$allocator@D@2@@std@@H@std@@PAX@std@@@std@@QAE@XZ 10019450 f i ehl.ftpdata.save.obj
 0002:00008470       ??0?$allocator@U?$_Tree_node@U?$pair@$$CBV?$basic_string@DU?$char_traits@D@std@@V?$allocator@D@2@@std@@V12@@std@@PAX@std@@@std@@QAE@XZ 10019470 f i ehl.ftpdata.save.obj
 0002:00008490       ??0?$allocator@U?$pair@$$CBV?$basic_string@DU?$char_traits@D@std@@V?$allocator@D@2@@std@@H@std@@@std@@QAE@XZ 10019490 f i ehl.ftpdata.save.obj
 0002:000084b0       ??0?$allocator@U?$pair@$$CBV?$basic_string@DU?$char_traits@D@std@@V?$allocator@D@2@@std@@V12@@std@@@std@@QAE@XZ 100194b0 f i ehl.ftpdata.save.obj
 0002:000084d0       ??0?$allocator@U_Container_proxy@std@@@std@@QAE@XZ 100194d0 f i ehl.ftpdata.save.obj
 0002:000084f0       ??0?$basic_string@DU?$char_traits@D@std@@V?$allocator@D@2@@std@@QAE@$$QAV01@@Z 100194f0 f i ehl.ftpdata.save.obj
 0002:00008560       ??0?$basic_string@DU?$char_traits@D@std@@V?$allocator@D@2@@std@@QAE@ABV01@@Z 10019560 f i ehl.ftpdata.save.obj
 0002:00008620       ??0?$basic_string@DU?$char_traits@D@std@@V?$allocator@D@2@@std@@QAE@PBD@Z 10019620 f i ehl.ftpdata.save.obj
 0002:000086c0       ??0?$basic_string@DU?$char_traits@D@std@@V?$allocator@D@2@@std@@QAE@XZ 100196c0 f i ehl.ftpdata.save.obj
 0002:00008750       ??0?$list@PAU_tmpdata@waitproc_info@@V?$allocator@PAU_tmpdata@waitproc_info@@@std@@@std@@QAE@XZ 10019750 f i ehl.ftpdata.save.obj
 0002:00008780       ??0?$map@V?$basic_string@DU?$char_traits@D@std@@V?$allocator@D@2@@std@@HU?$less@V?$basic_string@DU?$char_traits@D@std@@V?$allocator@D@2@@std@@@2@V?$allocator@U?$pair@$$CBV?$basic_string@DU?$char_traits@D@std@@V?$allocator@D@2@@std@@H@std@@@2@@std@@QAE@XZ 10019780 f i ehl.ftpdata.save.obj
 0002:000087c0       ??0?$map@V?$basic_string@DU?$char_traits@D@std@@V?$allocator@D@2@@std@@V12@U?$less@V?$basic_string@DU?$char_traits@D@std@@V?$allocator@D@2@@std@@@2@V?$allocator@U?$pair@$$CBV?$basic_string@DU?$char_traits@D@std@@V?$allocator@D@2@@std@@V12@@std@@@2@@std@@QAE@XZ 100197c0 f i ehl.ftpdata.save.obj
 0002:00008800       ??0?$tuple@$$$V@std@@QAE@ABV01@@Z 10019800 f i ehl.ftpdata.save.obj
 0002:00008820       ??0?$tuple@$$$V@std@@QAE@XZ 10019820 f i ehl.ftpdata.save.obj
 0002:00008840       ??0_Container_proxy@std@@QAE@XZ 10019840 f i ehl.ftpdata.save.obj
 0002:00008880       ??0_Generic_error_category@std@@QAE@XZ 10019880 f i ehl.ftpdata.save.obj
 0002:000088b0       ??0_Ignore@std@@QAE@XZ     100198b0 f i ehl.ftpdata.save.obj
 0002:000088d0       ??0_Iostream_error_category@std@@QAE@XZ 100198d0 f i ehl.ftpdata.save.obj
 0002:00008900       ??0_Iterator_base12@std@@QAE@ABU01@@Z 10019900 f i ehl.ftpdata.save.obj
 0002:00008950       ??0_Iterator_base12@std@@QAE@XZ 10019950 f i ehl.ftpdata.save.obj
 0002:00008990       ??0_System_error_category@std@@QAE@XZ 10019990 f i ehl.ftpdata.save.obj
 0002:000089c0       ??0_tmpdata@waitproc_info@@QAE@XZ 100199c0 f i ehl.ftpdata.save.obj
 0002:00008a60       ??0c_data_convert_hkfilename@@QAE@XZ 10019a60 f i ehl.ftpdata.save.obj
 0002:00008cd0       ??0c_time@@QAE@XZ          10019cd0 f i ehl.ftpdata.save.obj
 0002:00008cf0       ??0c_work@@QAE@XZ          10019cf0 f i ehl.ftpdata.save.obj
 0002:00008d60       ??0error_category@std@@QAE@XZ 10019d60 f i ehl.ftpdata.save.obj
 0002:00008d90       ??0error_condition@std@@QAE@HABVerror_category@1@@Z 10019d90 f i ehl.ftpdata.save.obj
 0002:00008dd0       ??0mux@@QAE@XZ             10019dd0 f i ehl.ftpdata.save.obj
 0002:00008e00       ??0waitproc_info@@QAE@XZ   10019e00 f i ehl.ftpdata.save.obj
 0002:00008e30       ??1?$_Iterator012@Ubidirectional_iterator_tag@std@@PAU_tmpdata@waitproc_info@@HPBQAU34@ABQAU34@U_Iterator_base12@2@@std@@QAE@XZ 10019e30 f i ehl.ftpdata.save.obj
 0002:00008e60       ??1?$_Iterator012@Ubidirectional_iterator_tag@std@@U?$pair@$$CBV?$basic_string@DU?$char_traits@D@std@@V?$allocator@D@2@@std@@H@2@HPBU32@ABU32@U_Iterator_base12@2@@std@@QAE@XZ 10019e60 f i ehl.ftpdata.save.obj
 0002:00008e90       ??1?$_Iterator012@Ubidirectional_iterator_tag@std@@U?$pair@$$CBV?$basic_string@DU?$char_traits@D@std@@V?$allocator@D@2@@std@@V12@@2@HPBU32@ABU32@U_Iterator_base12@2@@std@@QAE@XZ 10019e90 f i ehl.ftpdata.save.obj
 0002:00008ec0       ??1?$_List_alloc@$0A@U?$_List_base_types@PAU_tmpdata@waitproc_info@@V?$allocator@PAU_tmpdata@waitproc_info@@@std@@@std@@@std@@QAE@XZ 10019ec0 f i ehl.ftpdata.save.obj
 0002:00008f00       ??1?$_List_buy@PAU_tmpdata@waitproc_info@@V?$allocator@PAU_tmpdata@waitproc_info@@@std@@@std@@QAE@XZ 10019f00 f i ehl.ftpdata.save.obj
 0002:00008f30       ??1?$_List_const_iterator@V?$_List_val@U?$_List_simple_types@PAU_tmpdata@waitproc_info@@@std@@@std@@@std@@QAE@XZ 10019f30 f i ehl.ftpdata.save.obj
 0002:00008f60       ??1?$_List_iterator@V?$_List_val@U?$_List_simple_types@PAU_tmpdata@waitproc_info@@@std@@@std@@@std@@QAE@XZ 10019f60 f i ehl.ftpdata.save.obj
 0002:00008f90       ??1?$_List_unchecked_const_iterator@V?$_List_val@U?$_List_simple_types@PAU_tmpdata@waitproc_info@@@std@@@std@@U_Iterator_base12@2@@std@@QAE@XZ 10019f90 f i ehl.ftpdata.save.obj
 0002:00008fc0       ??1?$_List_val@U?$_List_simple_types@PAU_tmpdata@waitproc_info@@@std@@@std@@QAE@XZ 10019fc0 f i ehl.ftpdata.save.obj
 0002:00008ff0       ??1?$_String_alloc@$0A@U?$_String_base_types@DV?$allocator@D@std@@@std@@@std@@QAE@XZ 10019ff0 f i ehl.ftpdata.save.obj
 0002:00009020       ??1?$_String_val@U?$_Simple_types@D@std@@@std@@QAE@XZ 1001a020 f i ehl.ftpdata.save.obj
 0002:00009050       ??1?$_Tree@V?$_Tmap_traits@V?$basic_string@DU?$char_traits@D@std@@V?$allocator@D@2@@std@@HU?$less@V?$basic_string@DU?$char_traits@D@std@@V?$allocator@D@2@@std@@@2@V?$allocator@U?$pair@$$CBV?$basic_string@DU?$char_traits@D@std@@V?$allocator@D@2@@std@@H@std@@@2@$0A@@std@@@std@@QAE@XZ 1001a050 f i ehl.ftpdata.save.obj
 0002:00009080       ??1?$_Tree@V?$_Tmap_traits@V?$basic_string@DU?$char_traits@D@std@@V?$allocator@D@2@@std@@V12@U?$less@V?$basic_string@DU?$char_traits@D@std@@V?$allocator@D@2@@std@@@2@V?$allocator@U?$pair@$$CBV?$basic_string@DU?$char_traits@D@std@@V?$allocator@D@2@@std@@V12@@std@@@2@$0A@@std@@@std@@QAE@XZ 1001a080 f i ehl.ftpdata.save.obj
 0002:000090b0       ??1?$_Tree_alloc@$0A@U?$_Tree_base_types@U?$pair@$$CBV?$basic_string@DU?$char_traits@D@std@@V?$allocator@D@2@@std@@H@std@@V?$allocator@U?$pair@$$CBV?$basic_string@DU?$char_traits@D@std@@V?$allocator@D@2@@std@@H@std@@@2@@std@@@std@@QAE@XZ 1001a0b0 f i ehl.ftpdata.save.obj
 0002:000090f0       ??1?$_Tree_alloc@$0A@U?$_Tree_base_types@U?$pair@$$CBV?$basic_string@DU?$char_traits@D@std@@V?$allocator@D@2@@std@@V12@@std@@V?$allocator@U?$pair@$$CBV?$basic_string@DU?$char_traits@D@std@@V?$allocator@D@2@@std@@V12@@std@@@2@@std@@@std@@QAE@XZ 1001a0f0 f i ehl.ftpdata.save.obj
 0002:00009130       ??1?$_Tree_buy@U?$pair@$$CBV?$basic_string@DU?$char_traits@D@std@@V?$allocator@D@2@@std@@H@std@@V?$allocator@U?$pair@$$CBV?$basic_string@DU?$char_traits@D@std@@V?$allocator@D@2@@std@@H@std@@@2@@std@@QAE@XZ 1001a130 f i ehl.ftpdata.save.obj
 0002:00009160       ??1?$_Tree_buy@U?$pair@$$CBV?$basic_string@DU?$char_traits@D@std@@V?$allocator@D@2@@std@@V12@@std@@V?$allocator@U?$pair@$$CBV?$basic_string@DU?$char_traits@D@std@@V?$allocator@D@2@@std@@V12@@std@@@2@@std@@QAE@XZ 1001a160 f i ehl.ftpdata.save.obj
 0002:00009190       ??1?$_Tree_comp@$0A@V?$_Tmap_traits@V?$basic_string@DU?$char_traits@D@std@@V?$allocator@D@2@@std@@HU?$less@V?$basic_string@DU?$char_traits@D@std@@V?$allocator@D@2@@std@@@2@V?$allocator@U?$pair@$$CBV?$basic_string@DU?$char_traits@D@std@@V?$allocator@D@2@@std@@H@std@@@2@$0A@@std@@@std@@QAE@XZ 1001a190 f i ehl.ftpdata.save.obj
 0002:000091c0       ??1?$_Tree_comp@$0A@V?$_Tmap_traits@V?$basic_string@DU?$char_traits@D@std@@V?$allocator@D@2@@std@@V12@U?$less@V?$basic_string@DU?$char_traits@D@std@@V?$allocator@D@2@@std@@@2@V?$allocator@U?$pair@$$CBV?$basic_string@DU?$char_traits@D@std@@V?$allocator@D@2@@std@@V12@@std@@@2@$0A@@std@@@std@@QAE@XZ 1001a1c0 f i ehl.ftpdata.save.obj
 0002:000091f0       ??1?$_Tree_const_iterator@V?$_Tree_val@U?$_Tree_simple_types@U?$pair@$$CBV?$basic_string@DU?$char_traits@D@std@@V?$allocator@D@2@@std@@H@std@@@std@@@std@@@std@@QAE@XZ 1001a1f0 f i ehl.ftpdata.save.obj
 0002:00009220       ??1?$_Tree_const_iterator@V?$_Tree_val@U?$_Tree_simple_types@U?$pair@$$CBV?$basic_string@DU?$char_traits@D@std@@V?$allocator@D@2@@std@@V12@@std@@@std@@@std@@@std@@QAE@XZ 1001a220 f i ehl.ftpdata.save.obj
 0002:00009250       ??1?$_Tree_iterator@V?$_Tree_val@U?$_Tree_simple_types@U?$pair@$$CBV?$basic_string@DU?$char_traits@D@std@@V?$allocator@D@2@@std@@H@std@@@std@@@std@@@std@@QAE@XZ 1001a250 f i ehl.ftpdata.save.obj
 0002:00009280       ??1?$_Tree_iterator@V?$_Tree_val@U?$_Tree_simple_types@U?$pair@$$CBV?$basic_string@DU?$char_traits@D@std@@V?$allocator@D@2@@std@@V12@@std@@@std@@@std@@@std@@QAE@XZ 1001a280 f i ehl.ftpdata.save.obj
 0002:000092b0       ??1?$_Tree_unchecked_const_iterator@V?$_Tree_val@U?$_Tree_simple_types@U?$pair@$$CBV?$basic_string@DU?$char_traits@D@std@@V?$allocator@D@2@@std@@H@std@@@std@@@std@@U_Iterator_base12@2@@std@@QAE@XZ 1001a2b0 f i ehl.ftpdata.save.obj
 0002:000092e0       ??1?$_Tree_unchecked_const_iterator@V?$_Tree_val@U?$_Tree_simple_types@U?$pair@$$CBV?$basic_string@DU?$char_traits@D@std@@V?$allocator@D@2@@std@@V12@@std@@@std@@@std@@U_Iterator_base12@2@@std@@QAE@XZ 1001a2e0 f i ehl.ftpdata.save.obj
 0002:00009310       ??1?$_Tree_val@U?$_Tree_simple_types@U?$pair@$$CBV?$basic_string@DU?$char_traits@D@std@@V?$allocator@D@2@@std@@H@std@@@std@@@std@@QAE@XZ 1001a310 f i ehl.ftpdata.save.obj
 0002:00009340       ??1?$_Tree_val@U?$_Tree_simple_types@U?$pair@$$CBV?$basic_string@DU?$char_traits@D@std@@V?$allocator@D@2@@std@@V12@@std@@@std@@@std@@QAE@XZ 1001a340 f i ehl.ftpdata.save.obj
 0002:00009370       ??1?$basic_string@DU?$char_traits@D@std@@V?$allocator@D@2@@std@@QAE@XZ 1001a370 f i ehl.ftpdata.save.obj
 0002:000093a0       ??1?$list@PAU_tmpdata@waitproc_info@@V?$allocator@PAU_tmpdata@waitproc_info@@@std@@@std@@QAE@XZ 1001a3a0 f i ehl.ftpdata.save.obj
 0002:000093d0       ??1?$map@V?$basic_string@DU?$char_traits@D@std@@V?$allocator@D@2@@std@@HU?$less@V?$basic_string@DU?$char_traits@D@std@@V?$allocator@D@2@@std@@@2@V?$allocator@U?$pair@$$CBV?$basic_string@DU?$char_traits@D@std@@V?$allocator@D@2@@std@@H@std@@@2@@std@@QAE@XZ 1001a3d0 f i ehl.ftpdata.save.obj
 0002:00009400       ??1?$map@V?$basic_string@DU?$char_traits@D@std@@V?$allocator@D@2@@std@@V12@U?$less@V?$basic_string@DU?$char_traits@D@std@@V?$allocator@D@2@@std@@@2@V?$allocator@U?$pair@$$CBV?$basic_string@DU?$char_traits@D@std@@V?$allocator@D@2@@std@@V12@@std@@@2@@std@@QAE@XZ 1001a400 f i ehl.ftpdata.save.obj
 0002:00009430       ??1?$pair@$$CBV?$basic_string@DU?$char_traits@D@std@@V?$allocator@D@2@@std@@H@std@@QAE@XZ 1001a430 f i ehl.ftpdata.save.obj
 0002:00009460       ??1?$pair@$$CBV?$basic_string@DU?$char_traits@D@std@@V?$allocator@D@2@@std@@V12@@std@@QAE@XZ 1001a460 f i ehl.ftpdata.save.obj
 0002:00009490       ??1?$pair@V?$_Tree_iterator@V?$_Tree_val@U?$_Tree_simple_types@U?$pair@$$CBV?$basic_string@DU?$char_traits@D@std@@V?$allocator@D@2@@std@@H@std@@@std@@@std@@@std@@_N@std@@QAE@XZ 1001a490 f i ehl.ftpdata.save.obj
 0002:000094c0       ??1?$pair@V?$_Tree_iterator@V?$_Tree_val@U?$_Tree_simple_types@U?$pair@$$CBV?$basic_string@DU?$char_traits@D@std@@V?$allocator@D@2@@std@@V12@@std@@@std@@@std@@@std@@_N@std@@QAE@XZ 1001a4c0 f i ehl.ftpdata.save.obj
 0002:000094f0       ??1?$pair@V?$basic_string@DU?$char_traits@D@std@@V?$allocator@D@2@@std@@V12@@std@@QAE@XZ 1001a4f0 f i ehl.ftpdata.save.obj
 0002:00009520       ??1_Generic_error_category@std@@UAE@XZ 1001a520 f i ehl.ftpdata.save.obj
 0002:00009550       ??1_Iostream_error_category@std@@UAE@XZ 1001a550 f i ehl.ftpdata.save.obj
 0002:00009580       ??1_Iterator_base12@std@@QAE@XZ 1001a580 f i ehl.ftpdata.save.obj
 0002:000095c0       ??1_System_error_category@std@@UAE@XZ 1001a5c0 f i ehl.ftpdata.save.obj
 0002:000095f0       ??1_tmpdata@waitproc_info@@QAE@XZ 1001a5f0 f i ehl.ftpdata.save.obj
 0002:00009640       ??1c_data_convert_hkfilename@@QAE@XZ 1001a640 f i ehl.ftpdata.save.obj
 0002:000098a0       ??1c_work@@QAE@XZ          1001a8a0 f i ehl.ftpdata.save.obj
 0002:000098c0       ??1error_category@std@@UAE@XZ 1001a8c0 f i ehl.ftpdata.save.obj
 0002:000098f0       ??1mux@@QAE@XZ             1001a8f0 f i ehl.ftpdata.save.obj
 0002:00009920       ??1waitproc_info@@QAE@XZ   1001a920 f i ehl.ftpdata.save.obj
 0002:00009950       ??2@YAPAXIPAX@Z            1001a950 f i ehl.ftpdata.save.obj
 0002:00009970       ??3@YAXPAX0@Z              1001a970 f i ehl.ftpdata.save.obj
 0002:00009990       ??4?$_Iterator012@Ubidirectional_iterator_tag@std@@PAU_tmpdata@waitproc_info@@HPBQAU34@ABQAU34@U_Iterator_base12@2@@std@@QAEAAU01@ABU01@@Z 1001a990 f i ehl.ftpdata.save.obj
 0002:000099c0       ??4?$_Iterator012@Ubidirectional_iterator_tag@std@@U?$pair@$$CBV?$basic_string@DU?$char_traits@D@std@@V?$allocator@D@2@@std@@H@2@HPBU32@ABU32@U_Iterator_base12@2@@std@@QAEAAU01@ABU01@@Z 1001a9c0 f i ehl.ftpdata.save.obj
 0002:000099f0       ??4?$_List_const_iterator@V?$_List_val@U?$_List_simple_types@PAU_tmpdata@waitproc_info@@@std@@@std@@@std@@QAEAAV01@ABV01@@Z 1001a9f0 f i ehl.ftpdata.save.obj
 0002:00009a20       ??4?$_List_iterator@V?$_List_val@U?$_List_simple_types@PAU_tmpdata@waitproc_info@@@std@@@std@@@std@@QAEAAV01@ABV01@@Z 1001aa20 f i ehl.ftpdata.save.obj
 0002:00009a50       ??4?$_List_unchecked_const_iterator@V?$_List_val@U?$_List_simple_types@PAU_tmpdata@waitproc_info@@@std@@@std@@U_Iterator_base12@2@@std@@QAEAAV01@ABV01@@Z 1001aa50 f i ehl.ftpdata.save.obj
 0002:00009a90       ??4?$_Tree_const_iterator@V?$_Tree_val@U?$_Tree_simple_types@U?$pair@$$CBV?$basic_string@DU?$char_traits@D@std@@V?$allocator@D@2@@std@@H@std@@@std@@@std@@@std@@QAEAAV01@ABV01@@Z 1001aa90 f i ehl.ftpdata.save.obj
 0002:00009ac0       ??4?$_Tree_iterator@V?$_Tree_val@U?$_Tree_simple_types@U?$pair@$$CBV?$basic_string@DU?$char_traits@D@std@@V?$allocator@D@2@@std@@H@std@@@std@@@std@@@std@@QAEAAV01@ABV01@@Z 1001aac0 f i ehl.ftpdata.save.obj
 0002:00009af0       ??4?$_Tree_unchecked_const_iterator@V?$_Tree_val@U?$_Tree_simple_types@U?$pair@$$CBV?$basic_string@DU?$char_traits@D@std@@V?$allocator@D@2@@std@@H@std@@@std@@@std@@U_Iterator_base12@2@@std@@QAEAAV01@ABV01@@Z 1001aaf0 f i ehl.ftpdata.save.obj
 0002:00009b30       ??4?$basic_string@DU?$char_traits@D@std@@V?$allocator@D@2@@std@@QAEAAV01@PBD@Z 1001ab30 f i ehl.ftpdata.save.obj
 0002:00009b60       ??4_Iterator_base12@std@@QAEAAU01@ABU01@@Z 1001ab60 f i ehl.ftpdata.save.obj
 0002:00009c20       ??8?$_List_const_iterator@V?$_List_val@U?$_List_simple_types@PAU_tmpdata@waitproc_info@@@std@@@std@@@std@@QBE_NABV01@@Z 1001ac20 f i ehl.ftpdata.save.obj
 0002:00009d20       ??8?$_Tree_const_iterator@V?$_Tree_val@U?$_Tree_simple_types@U?$pair@$$CBV?$basic_string@DU?$char_traits@D@std@@V?$allocator@D@2@@std@@H@std@@@std@@@std@@@std@@QBE_NABV01@@Z 1001ad20 f i ehl.ftpdata.save.obj
 0002:00009e20       ??8?$_Tree_const_iterator@V?$_Tree_val@U?$_Tree_simple_types@U?$pair@$$CBV?$basic_string@DU?$char_traits@D@std@@V?$allocator@D@2@@std@@V12@@std@@@std@@@std@@@std@@QBE_NABV01@@Z 1001ae20 f i ehl.ftpdata.save.obj
 0002:00009f20       ??8error_category@std@@QBE_NABV01@@Z 1001af20 f i ehl.ftpdata.save.obj
 0002:00009f60       ??8error_condition@std@@QBE_NABV01@@Z 1001af60 f i ehl.ftpdata.save.obj
 0002:00009fe0       ??9?$_List_const_iterator@V?$_List_val@U?$_List_simple_types@PAU_tmpdata@waitproc_info@@@std@@@std@@@std@@QBE_NABV01@@Z 1001afe0 f i ehl.ftpdata.save.obj
 0002:0000a030       ??9?$_Tree_const_iterator@V?$_Tree_val@U?$_Tree_simple_types@U?$pair@$$CBV?$basic_string@DU?$char_traits@D@std@@V?$allocator@D@2@@std@@H@std@@@std@@@std@@@std@@QBE_NABV01@@Z 1001b030 f i ehl.ftpdata.save.obj
 0002:0000a080       ??9?$_Tree_const_iterator@V?$_Tree_val@U?$_Tree_simple_types@U?$pair@$$CBV?$basic_string@DU?$char_traits@D@std@@V?$allocator@D@2@@std@@V12@@std@@@std@@@std@@@std@@QBE_NABV01@@Z 1001b080 f i ehl.ftpdata.save.obj
 0002:0000a0d0       ??A?$map@V?$basic_string@DU?$char_traits@D@std@@V?$allocator@D@2@@std@@HU?$less@V?$basic_string@DU?$char_traits@D@std@@V?$allocator@D@2@@std@@@2@V?$allocator@U?$pair@$$CBV?$basic_string@DU?$char_traits@D@std@@V?$allocator@D@2@@std@@H@std@@@2@@std@@QAEAAH$$QAV?$basic_string@DU?$char_traits@D@std@@V?$allocator@D@2@@1@@Z 1001b0d0 f i ehl.ftpdata.save.obj
 0002:0000a300       ??C?$_Tree_const_iterator@V?$_Tree_val@U?$_Tree_simple_types@U?$pair@$$CBV?$basic_string@DU?$char_traits@D@std@@V?$allocator@D@2@@std@@V12@@std@@@std@@@std@@@std@@QBEPBU?$pair@$$CBV?$basic_string@DU?$char_traits@D@std@@V?$allocator@D@2@@std@@V12@@1@XZ 1001b300 f i ehl.ftpdata.save.obj
 0002:0000a330       ??C?$_Tree_iterator@V?$_Tree_val@U?$_Tree_simple_types@U?$pair@$$CBV?$basic_string@DU?$char_traits@D@std@@V?$allocator@D@2@@std@@H@std@@@std@@@std@@@std@@QBEPAU?$pair@$$CBV?$basic_string@DU?$char_traits@D@std@@V?$allocator@D@2@@std@@H@1@XZ 1001b330 f i ehl.ftpdata.save.obj
 0002:0000a360       ??D?$_List_const_iterator@V?$_List_val@U?$_List_simple_types@PAU_tmpdata@waitproc_info@@@std@@@std@@@std@@QBEABQAU_tmpdata@waitproc_info@@XZ 1001b360 f i ehl.ftpdata.save.obj
 0002:0000a450       ??D?$_List_iterator@V?$_List_val@U?$_List_simple_types@PAU_tmpdata@waitproc_info@@@std@@@std@@@std@@QBEAAPAU_tmpdata@waitproc_info@@XZ 1001b450 f i ehl.ftpdata.save.obj
 0002:0000a480       ??D?$_Tree_const_iterator@V?$_Tree_val@U?$_Tree_simple_types@U?$pair@$$CBV?$basic_string@DU?$char_traits@D@std@@V?$allocator@D@2@@std@@H@std@@@std@@@std@@@std@@QBEABU?$pair@$$CBV?$basic_string@DU?$char_traits@D@std@@V?$allocator@D@2@@std@@H@1@XZ 1001b480 f i ehl.ftpdata.save.obj
 0002:0000a570       ??D?$_Tree_const_iterator@V?$_Tree_val@U?$_Tree_simple_types@U?$pair@$$CBV?$basic_string@DU?$char_traits@D@std@@V?$allocator@D@2@@std@@V12@@std@@@std@@@std@@@std@@QBEABU?$pair@$$CBV?$basic_string@DU?$char_traits@D@std@@V?$allocator@D@2@@std@@V12@@1@XZ 1001b570 f i ehl.ftpdata.save.obj
 0002:0000a660       ??D?$_Tree_iterator@V?$_Tree_val@U?$_Tree_simple_types@U?$pair@$$CBV?$basic_string@DU?$char_traits@D@std@@V?$allocator@D@2@@std@@H@std@@@std@@@std@@@std@@QBEAAU?$pair@$$CBV?$basic_string@DU?$char_traits@D@std@@V?$allocator@D@2@@std@@H@1@XZ 1001b660 f i ehl.ftpdata.save.obj
 0002:0000a690       ??E?$_List_const_iterator@V?$_List_val@U?$_List_simple_types@PAU_tmpdata@waitproc_info@@@std@@@std@@@std@@QAE?AV01@H@Z 1001b690 f i ehl.ftpdata.save.obj
 0002:0000a740       ??E?$_List_const_iterator@V?$_List_val@U?$_List_simple_types@PAU_tmpdata@waitproc_info@@@std@@@std@@@std@@QAEAAV01@XZ 1001b740 f i ehl.ftpdata.save.obj
 0002:0000a830       ??E?$_List_iterator@V?$_List_val@U?$_List_simple_types@PAU_tmpdata@waitproc_info@@@std@@@std@@@std@@QAE?AV01@H@Z 1001b830 f i ehl.ftpdata.save.obj
 0002:0000a8e0       ??E?$_List_iterator@V?$_List_val@U?$_List_simple_types@PAU_tmpdata@waitproc_info@@@std@@@std@@@std@@QAEAAV01@XZ 1001b8e0 f i ehl.ftpdata.save.obj
 0002:0000a910       ??E?$_Tree_const_iterator@V?$_Tree_val@U?$_Tree_simple_types@U?$pair@$$CBV?$basic_string@DU?$char_traits@D@std@@V?$allocator@D@2@@std@@H@std@@@std@@@std@@@std@@QAE?AV01@H@Z 1001b910 f i ehl.ftpdata.save.obj
 0002:0000a9c0       ??E?$_Tree_const_iterator@V?$_Tree_val@U?$_Tree_simple_types@U?$pair@$$CBV?$basic_string@DU?$char_traits@D@std@@V?$allocator@D@2@@std@@H@std@@@std@@@std@@@std@@QAEAAV01@XZ 1001b9c0 f i ehl.ftpdata.save.obj
 0002:0000aab0       ??E?$_Tree_const_iterator@V?$_Tree_val@U?$_Tree_simple_types@U?$pair@$$CBV?$basic_string@DU?$char_traits@D@std@@V?$allocator@D@2@@std@@V12@@std@@@std@@@std@@@std@@QAE?AV01@H@Z 1001bab0 f i ehl.ftpdata.save.obj
[...]
 0003:00001b10       ??_C@_1CFG@FGJHCIBH@?$AAs?$AAt?$AAd?$AA?3?$AA?3?$AA_?$AAT?$AAr?$AAe?$AAe?$AA_?$AAc?$AAo?$AAn?$AAs?$AAt?$AA_?$AAi?$AAt?$AAe?$AAr?$AAa?$AAt?$AAo?$AAr?$AA?$DM?$AAc?$AAl?$AAa?$AAs?$AAs?$AA?5@ 10030b10     ehl.ftpdata.save.obj
 0003:00001de0       ??_C@_1DI@MDELDGPI@?$AAl?$AAi?$AAs?$AAt?$AA?5?$AAi?$AAt?$AAe?$AAr?$AAa?$AAt?$AAo?$AAr?$AAs?$AA?5?$AAi?$AAn?$AAc?$AAo?$AAm?$AAp?$AAa?$AAt?$AAi?$AAb?$AAl?$AAe?$AA?$AA@ 10030de0     ehl.ftpdata.save.obj
 0003:00001e28       ??_C@_1BAC@EPMEKIFN@?$AAs?$AAt?$AAd?$AA?3?$AA?3?$AA_?$AAL?$AAi?$AAs?$AAt?$AA_?$AAc?$AAo?$AAn?$AAs?$AAt?$AA_?$AAi?$AAt?$AAe?$AAr?$AAa?$AAt?$AAo?$AAr?$AA?$DM?$AAc?$AAl?$AAa?$AAs?$AAs?$AA?5@ 10030e28     ehl.ftpdata.save.obj
 0003:00001f60       ??_C@_0BA@JFNIOLAK@string?5too?5long?$AA@ 10030f60     ehl.ftpdata.save.obj
 0003:00001f78       ??_C@_1EE@BBMFLDOC@?$AAl?$AAi?$AAs?$AAt?$AA?5?$AAe?$AAr?$AAa?$AAs?$AAe?$AA?5?$AAi?$AAt?$AAe?$AAr?$AAa?$AAt?$AAo?$AAr?$AA?5?$AAo?$AAu?$AAt?$AAs?$AAi?$AAd?$AAe?$AA?5?$AAr?$AAa?$AAn?$AAg@ 10030f78     ehl.ftpdata.save.obj
 0003:00001fd0       ??_C@_1EA@DOGAGKDH@?$AAl?$AAi?$AAs?$AAt?$AA?5?$AAi?$AAt?$AAe?$AAr?$AAa?$AAt?$AAo?$AAr?$AA?5?$AAn?$AAo?$AAt?$AA?5?$AAi?$AAn?$AAc?$AAr?$AAe?$AAm?$AAe?$AAn?$AAt?$AAa?$AAb?$AAl?$AAe?$AA?$AA@ 10030fd0     ehl.ftpdata.save.obj
 0003:00002020       ??_C@_1BAC@OPDJEBJI@?$AAs?$AAt?$AAd?$AA?3?$AA?3?$AA_?$AAL?$AAi?$AAs?$AAt?$AA_?$AAc?$AAo?$AAn?$AAs?$AAt?$AA_?$AAi?$AAt?$AAe?$AAr?$AAa?$AAt?$AAo?$AAr?$AA?$DM?$AAc?$AAl?$AAa?$AAs?$AAs?$AA?5@ 10031020     ehl.ftpdata.save.obj
 0003:00002158       ??_C@_1EK@PPDBPCAN@?$AAm?$AAa?$AAp?$AA?1?$AAs?$AAe?$AAt?$AA?5?$AAe?$AAr?$AAa?$AAs?$AAe?$AA?5?$AAi?$AAt?$AAe?$AAr?$AAa?$AAt?$AAo?$AAr?$AA?5?$AAo?$AAu?$AAt?$AAs?$AAi?$AAd?$AAe?$AA?5?$AAr@ 10031158     ehl.ftpdata.save.obj
 0003:000021b0       ??_C@_1BKK@NKNEDAJK@?$AAs?$AAt?$AAd?$AA?3?$AA?3?$AA_?$AAT?$AAr?$AAe?$AAe?$AA_?$AAc?$AAo?$AAn?$AAs?$AAt?$AA_?$AAi?$AAt?$AAe?$AAr?$AAa?$AAt?$AAo?$AAr?$AA?$DM?$AAc?$AAl?$AAa?$AAs?$AAs?$AA?5@ 100311b0     ehl.ftpdata.save.obj
 0003:000023b0       ??_C@_1EG@EHJFMBHJ@?$AAm?$AAa?$AAp?$AA?1?$AAs?$AAe?$AAt?$AA?5?$AAi?$AAt?$AAe?$AAr?$AAa?$AAt?$AAo?$AAr?$AA?5?$AAn?$AAo?$AAt?$AA?5?$AAi?$AAn?$AAc?$AAr?$AAe?$AAm?$AAe?$AAn?$AAt?$AAa?$AAb@ 100313b0     ehl.ftpdata.save.obj
 0003:00002408       ??_C@_1CFG@PGGKMBNC@?$AAs?$AAt?$AAd?$AA?3?$AA?3?$AA_?$AAT?$AAr?$AAe?$AAe?$AA_?$AAc?$AAo?$AAn?$AAs?$AAt?$AA_?$AAi?$AAt?$AAe?$AAr?$AAa?$AAt?$AAo?$AAr?$AA?$DM?$AAc?$AAl?$AAa?$AAs?$AAs?$AA?5@ 10031408     ehl.ftpdata.save.obj
 0003:000026d8       ??_C@_1BKM@BBBIHDHC@?$AAs?$AAt?$AAd?$AA?3?$AA?3?$AA_?$AAT?$AAr?$AAe?$AAe?$AA_?$AAc?$AAo?$AAn?$AAs?$AAt?$AA_?$AAi?$AAt?$AAe?$AAr?$AAa?$AAt?$AAo?$AAr?$AA?$DM?$AAc?$AAl?$AAa?$AAs?$AAs?$AA?5@ 100316d8     ehl.ftpdata.save.obj
 0003:000028dc       ??_C@_1CK@EOPGIILJ@?$AAi?$AAn?$AAv?$AAa?$AAl?$AAi?$AAd?$AA?5?$AAn?$AAu?$AAl?$AAl?$AA?5?$AAp?$AAo?$AAi?$AAn?$AAt?$AAe?$AAr?$AA?$AA@ 100318dc     ehl.ftpdata.save.obj
 0003:00002910       ??_C@_1CE@IGJMOCCK@?$AAi?$AAn?$AAv?$AAa?$AAl?$AAi?$AAd?$AA?5?$AAo?$AAp?$AAe?$AAr?$AAa?$AAt?$AAo?$AAr?$AA?$DM?$AA?$AA@ 10031910     ehl.ftpdata.save.obj
 0003:0000293c       ??_C@_0BB@MOGOBHAF@list?$DMT?$DO?5too?5long?$AA@ 1003193c     ehl.ftpdata.save.obj
 0003:00002950       ??_C@_1EM@MHOKKPFH@?$AAm?$AAa?$AAp?$AA?1?$AAs?$AAe?$AAt?$AA?5?$AAi?$AAn?$AAs?$AAe?$AAr?$AAt?$AA?5?$AAi?$AAt?$AAe?$AAr?$AAa?$AAt?$AAo?$AAr?$AA?5?$AAo?$AAu?$AAt?$AAs?$AAi?$AAd?$AAe?$AA?5@ 10031950     ehl.ftpdata.save.obj
 0003:000029b0       ??_C@_1EG@OKCGOALM@?$AAm?$AAa?$AAp?$AA?1?$AAs?$AAe?$AAt?$AA?5?$AAi?$AAt?$AAe?$AAr?$AAa?$AAt?$AAo?$AAr?$AA?5?$AAn?$AAo?$AAt?$AA?5?$AAd?$AAe?$AAc?$AAr?$AAe?$AAm?$AAe?$AAn?$AAt?$AAa?$AAb@ 100319b0     ehl.ftpdata.save.obj
 0003:00002a08       ??_C@_1BKM@OCCKMPLD@?$AAs?$AAt?$AAd?$AA?3?$AA?3?$AA_?$AAT?$AAr?$AAe?$AAe?$AA_?$AAc?$AAo?$AAn?$AAs?$AAt?$AA_?$AAi?$AAt?$AAe?$AAr?$AAa?$AAt?$AAo?$AAr?$AA?$DM?$AAc?$AAl?$AAa?$AAs?$AAs?$AA?5@ 10031a08     ehl.ftpdata.save.obj
 0003:00002c10       ??_C@_1CFG@FFIHNBD@?$AAs?$AAt?$AAd?$AA?3?$AA?3?$AA_?$AAT?$AAr?$AAe?$AAe?$AA_?$AAc?$AAo?$AAn?$AAs?$AAt?$AA_?$AAi?$AAt?$AAe?$AAr?$AAa?$AAt?$AAo?$AAr?$AA?$DM?$AAc?$AAl?$AAa?$AAs?$AAs?$AA?5@ 10031c10     ehl.ftpdata.save.obj
 0003:00002ee0       ??_C@_0BE@JONHPENG@map?1set?$DMT?$DO?5too?5long?$AA@ 10031ee0     ehl.ftpdata.save.obj
 0003:00002f70       ??_C@_0EH@NOIOHHKE@?6?5init?5trans?5hostip?$CI?$CFs?$CJ?0kkbh?$CI?$CFs?$CJ@ 10031f70     webref_wxtracert.obj
 0003:00002fc8       ??_C@_0OL@FIBCNPBJ@?6kkbh?$CI?$CFs?$CJ?0fxlx?$CI?$CFs?$CJ?0cdh?$CI?$CFd?$CJ?0hphm?$CI@ 10031fc8     webref_wxtracert.obj
 0003:000030e4       ??_C@_0BP@BHDDBAKH@write?5vehicle?5info?5return?5?$FL?$CFd?$FN?$AA@ 100320e4     webref_wxtracert.obj
 0003:00003110       ??_C@_1MC@KPMPFEII@?$AA?$CI?$AA_?$AA_?$AAo?$AAn?$AAe?$AAx?$AAi?$AAt?$AAb?$AAe?$AAg?$AAi?$AAn?$AA?5?$AA?$CB?$AA?$DN?$AA?5?$AAN?$AAU?$AAL?$AAL?$AA?5?$AA?$CG?$AA?$CG?$AA?5?$AA_?$AA_?$AAo?$AAn?$AAe?$AAx@ 10032110     MSVCRTD:atonexit.obj
 0003:000031f8       ??_C@_1FK@IGIDCAPD@?$AAf?$AA?3?$AA?2?$AAd?$AAd?$AA?2?$AAv?$AAc?$AAt?$AAo?$AAo?$AAl?$AAs?$AA?2?$AAc?$AAr?$AAt?$AA?2?$AAc?$AAr?$AAt?$AAw?$AA3?$AA2?$AA?2?$AAd?$AAl?$AAl?$AAs?$AAt?$AAu?$AAf@ 100321f8     MSVCRTD:atonexit.obj
 0003:00003264       ??_C@_0CN@LMJJPMEG@f?3?2dd?2vctools?2crt?2crtw32?2dllstuf@ 10032264     MSVCRTD:atonexit.obj
 0003:000032a0       ??_7type_info@@6B@         100322a0     MSVCRTD:ti_inst.obj
 0003:000032a8       __pRawDllMain              100322a8     MSVCRTD:crtdll.obj
 0003:000032a8       __pDefaultRawDllMain       100322a8     MSVCRTD:crtdll.obj
 0003:000032ac       ??_C@_0CL@CCAGLLEM@f?3?2dd?2vctools?2crt?2crtw32?2dllstuf@ 100322ac     MSVCRTD:crtdll.obj
 0003:000032ec       ?ProcessDetach@NativeDll@<CrtImplementationDetails>@@0IB 100322ec     MSVCRTD:initsect.obj
 0003:000032f0       ?ProcessAttach@NativeDll@<CrtImplementationDetails>@@0IB 100322f0     MSVCRTD:initsect.obj
 0003:000032f4       ?ThreadAttach@NativeDll@<CrtImplementationDetails>@@0IB 100322f4     MSVCRTD:initsect.obj
 0003:000032f8       ?ThreadDetach@NativeDll@<CrtImplementationDetails>@@0IB 100322f8     MSVCRTD:initsect.obj
 0003:000032fc       ?ProcessVerifier@NativeDll@<CrtImplementationDetails>@@0IB 100322fc     MSVCRTD:initsect.obj
 0003:00003300       __load_config_used         10032300     MSVCRTD:loadcfg.obj
 0003:000036e0       ??_R4error_category@std@@6B@ 100326e0     ehl.ftpdata.save.obj
 0003:000036f8       ??_R3error_category@std@@8 100326f8     ehl.ftpdata.save.obj
 0003:0000370c       ??_R2error_category@std@@8 1003270c     ehl.ftpdata.save.obj
 0003:00003714       ??_R1A@?0A@EA@error_category@std@@8 10032714     ehl.ftpdata.save.obj
 0003:00003738       ??_R4_Generic_error_category@std@@6B@ 10032738     ehl.ftpdata.save.obj
 0003:00003750       ??_R3_Generic_error_category@std@@8 10032750     ehl.ftpdata.save.obj
 0003:00003764       ??_R2_Generic_error_category@std@@8 10032764     ehl.ftpdata.save.obj
 0003:00003770       ??_R1A@?0A@EA@_Generic_error_category@std@@8 10032770     ehl.ftpdata.save.obj
 0003:00003794       ??_R4_Iostream_error_category@std@@6B@ 10032794     ehl.ftpdata.save.obj
 0003:000037ac       ??_R3_Iostream_error_category@std@@8 100327ac     ehl.ftpdata.save.obj
 0003:000037c0       ??_R2_Iostream_error_category@std@@8 100327c0     ehl.ftpdata.save.obj
 0003:000037d0       ??_R1A@?0A@EA@_Iostream_error_category@std@@8 100327d0     ehl.ftpdata.save.obj
 0003:000037f4       ??_R4_System_error_category@std@@6B@ 100327f4     ehl.ftpdata.save.obj
 0003:0000380c       ??_R3_System_error_category@std@@8 1003280c     ehl.ftpdata.save.obj
 0003:00003820       ??_R2_System_error_category@std@@8 10032820     ehl.ftpdata.save.obj
 0003:00003830       ??_R1A@?0A@EA@_System_error_category@std@@8 10032830     ehl.ftpdata.save.obj
 0003:00003854       ??_R4type_info@@6B@        10032854     MSVCRTD:ti_inst.obj
 0003:0000386c       ??_R3type_info@@8          1003286c     MSVCRTD:ti_inst.obj
 0003:00003880       ??_R2type_info@@8          10032880     MSVCRTD:ti_inst.obj
 0003:00003888       ??_R1A@?0A@EA@type_info@@8 10032888     MSVCRTD:ti_inst.obj
 0003:000039b4       ___rtc_iaa                 100329b4     MSVCRTD:initsect.obj
 0003:00003ab8       ___rtc_izz                 10032ab8     MSVCRTD:initsect.obj
 0003:00003bbc       ___rtc_taa                 10032bbc     MSVCRTD:initsect.obj
 0003:00003cc0       ___rtc_tzz                 10032cc0     MSVCRTD:initsect.obj
 0004:00000000       ?deffilename@@3PBDB        10035000     ehl.ftpdata.save.obj
 0004:00000004       ?strtmpdef@@3PAY01PBDA     10035004     ehl.ftpdata.save.obj
 0004:0000002c       ?strnull@@3PADA            1003502c     ehl.ftpdata.save.obj
 0004:00000040       ?soap_endpointwx@@3PADA    10035040     webref_wxtracert.obj
 0004:00000174       ___security_cookie         10035174     MSVCRTD:gs_cookie.obj
 0004:00000178       ___security_cookie_complement 10035178     MSVCRTD:gs_cookie.obj
 0004:00000180       ___native_dllmain_reason   10035180     MSVCRTD:natstart.obj
 0004:0000028c       ??_R0?AVerror_category@std@@@8 1003528c     ehl.ftpdata.save.obj
 0004:000002b4       ??_R0?AV_Generic_error_category@std@@@8 100352b4     ehl.ftpdata.save.obj
 0004:000002e8       ??_R0?AV_Iostream_error_category@std@@@8 100352e8     ehl.ftpdata.save.obj
 0004:0000031c       ??_R0?AV_System_error_category@std@@@8 1003531c     ehl.ftpdata.save.obj
 0004:00000350       ??_R0?AVtype_info@@@8      10035350     MSVCRTD:ti_inst.obj
 0004:00000474       ?g_work@@3Vc_work@@A       10035474     ehl.ftpdata.save.obj
 0004:00000478       ?g_datafile_convert_hkfilename@@3Vc_data_convert_hkfilename@@A 10035478     ehl.ftpdata.save.obj
 0004:00000cec       ?gwaitproc_info@@3Vwaitproc_info@@A 10035cec     ehl.ftpdata.save.obj
 0004:00000cfc       ?gmux@@3Vmux@@A            10035cfc     ehl.ftpdata.save.obj
 0004:00000ed0       ?_Generic_object@?$_Error_objects@H@std@@2V_Generic_error_category@2@A 10035ed0     ehl.ftpdata.save.obj
 0004:00000ed4       ?_Iostream_object@?$_Error_objects@H@std@@2V_Iostream_error_category@2@A 10035ed4     ehl.ftpdata.save.obj
 0004:00000ed8       ?_System_object@?$_Error_objects@H@std@@2V_System_error_category@2@A 10035ed8     ehl.ftpdata.save.obj
 0004:00000edc       ?id@?$num_put@DV?$back_insert_iterator@V?$basic_string@DU?$char_traits@D@std@@V?$allocator@D@2@@std@@@std@@@std@@2V0locale@2@A 10035edc     ehl.ftpdata.save.obj
 0004:00000ee0       ?id@?$num_put@_WV?$back_insert_iterator@V?$basic_string@_WU?$char_traits@_W@std@@V?$allocator@_W@2@@std@@@std@@@std@@2V0locale@2@A 10035ee0     ehl.ftpdata.save.obj
 0004:00000ee4       ?tmage@@3VTmriAgent@@A     10035ee4     webref_wxtracert.obj
 0004:000012b8       ?__type_info_root_node@@3U__type_info_node@@A 100362b8     MSVCRTD:tncleanup.obj
 0004:000012c4       ___native_startup_lock     100362c4     <common>
 0004:000012d4       ___native_startup_state    100362d4     <common>
 0004:000012d8       ___dyn_tls_init_callback   100362d8     <common>
 0004:000012e4       ___onexitend               100362e4     <common>
 0004:000012f4       ___onexitbegin             100362f4     <common>
 0005:00000000       __imp_?InitTrans@TmriAgent@@QAEJPBD0J00@Z 10037000     HTAgent:HTAgent.dll
 0005:00000004       __imp_??0TmriAgent@@QAE@XZ 10037004     HTAgent:HTAgent.dll
 0005:00000008       __imp_?WriteVehicleInfo@TmriAgent@@QAEJPBD0J000JJ0J0000000000000@Z 10037008     HTAgent:HTAgent.dll
 0005:0000000c       \177HTAgent_NULL_THUNK_DATA 1003700c     HTAgent:HTAgent.dll
 0005:00000038       __imp__iconv               10037038     iconv:ICONV.DLL
 0005:0000003c       __imp__iconv_open          1003703c     iconv:ICONV.DLL
 0005:00000040       __imp__iconv_close         10037040     iconv:ICONV.DLL
 0005:00000044       \177ICONV_NULL_THUNK_DATA  10037044     iconv:ICONV.DLL
 0005:00000070       __imp__EnterCriticalSection@4 10037070     kernel32:KERNEL32.dll
 0005:00000074       __imp__LeaveCriticalSection@4 10037074     kernel32:KERNEL32.dll
 0005:00000078       __imp__DeleteCriticalSection@4 10037078     kernel32:KERNEL32.dll
 0005:0000007c       __imp__InitializeCriticalSection@4 1003707c     kernel32:KERNEL32.dll
 0005:00000080       __imp__CreateDirectoryA@8  10037080     kernel32:KERNEL32.dll
 0005:00000084       __imp__GetModuleFileNameA@12 10037084     kernel32:KERNEL32.dll
 0005:00000088       __imp__lstrlenA@4          10037088     kernel32:KERNEL32.dll
 0005:0000008c       __imp__WritePrivateProfileStringA@16 1003708c     kernel32:KERNEL32.dll
 0005:00000090       __imp__GetPrivateProfileSectionA@16 10037090     kernel32:KERNEL32.dll
 0005:00000094       __imp__GetPrivateProfileSectionNamesA@12 10037094     kernel32:KERNEL32.dll
 0005:00000098       __imp__GetLocalTime@4      10037098     kernel32:KERNEL32.dll
 0005:0000009c       __imp__GetSystemTimeAsFileTime@4 1003709c     kernel32:KERNEL32.dll
 0005:000000a0       __imp__Sleep@4             100370a0     kernel32:KERNEL32.dll
 0005:000000a4       __imp__DisableThreadLibraryCalls@4 100370a4     kernel32:KERNEL32.dll
 0005:000000a8       __imp__GetCurrentProcessId@0 100370a8     kernel32:KERNEL32.dll
 0005:000000ac       __imp__QueryPerformanceCounter@4 100370ac     kernel32:KERNEL32.dll
 0005:000000b0       __imp__IsProcessorFeaturePresent@4 100370b0     kernel32:KERNEL32.dll
 0005:000000b4       __imp__IsDebuggerPresent@0 100370b4     kernel32:KERNEL32.dll
 0005:000000b8       __imp__DecodePointer@4     100370b8     kernel32:KERNEL32.dll
 0005:000000bc       __imp__EncodePointer@4     100370bc     kernel32:KERNEL32.dll
 0005:000000c0       __imp__GetCurrentThreadId@0 100370c0     kernel32:KERNEL32.dll
 0005:000000c4       \177KERNEL32_NULL_THUNK_DATA 100370c4     kernel32:KERNEL32.dll
 0005:00000100       __imp_?_Xbad_alloc@std@@YAXXZ 10037100     msvcprtd:MSVCP120D.dll
 0005:00000104       __imp_?_Xlength_error@std@@YAXPBD@Z 10037104     msvcprtd:MSVCP120D.dll
 0005:00000108       __imp_?_Xout_of_range@std@@YAXPBD@Z 10037108     msvcprtd:MSVCP120D.dll
 0005:0000010c       __imp_??0id@locale@std@@QAE@I@Z 1003710c     msvcprtd:MSVCP120D.dll
 0005:00000110       __imp_?_Syserror_map@std@@YAPBDH@Z 10037110     msvcprtd:MSVCP120D.dll
 0005:00000114       __imp_?_Winerror_map@std@@YAPBDH@Z 10037114     msvcprtd:MSVCP120D.dll
 0005:00000118       __imp_??1_Lockit@std@@QAE@XZ 10037118     msvcprtd:MSVCP120D.dll
 0005:0000011c       __imp_?_Debug_message@std@@YAXPB_W0I@Z 1003711c     msvcprtd:MSVCP120D.dll
 0005:00000120       __imp_??0_Container_base12@std@@QAE@XZ 10037120     msvcprtd:MSVCP120D.dll
 0005:00000124       __imp_??1_Container_base12@std@@QAE@XZ 10037124     msvcprtd:MSVCP120D.dll
 0005:00000128       __imp_?_Getpfirst@_Container_base12@std@@QBEPAPAU_Iterator_base12@2@XZ 10037128     msvcprtd:MSVCP120D.dll
 0005:0000012c       __imp_??0_Lockit@std@@QAE@H@Z 1003712c     msvcprtd:MSVCP120D.dll
 0005:00000130       __imp_?_Orphan_all@_Container_base12@std@@QAEXXZ 10037130     msvcprtd:MSVCP120D.dll
 0005:00000134       \177MSVCP120D_NULL_THUNK_DATA 10037134     msvcprtd:MSVCP120D.dll
 0005:00000168       __imp__atoi                10037168     MSVCRTD:MSVCR120D.dll
 0005:0000016c       __imp__sprintf             1003716c     MSVCRTD:MSVCR120D.dll
 0005:00000170       __imp__system              10037170     MSVCRTD:MSVCR120D.dll
 0005:00000174       __imp___splitpath          10037174     MSVCRTD:MSVCR120D.dll
 0005:00000178       __imp__memchr              10037178     MSVCRTD:MSVCR120D.dll
 0005:0000017c       __imp__memcmp              1003717c     MSVCRTD:MSVCR120D.dll
 0005:00000180       __imp__memcpy              10037180     MSVCRTD:MSVCR120D.dll
 0005:00000184       __imp__memset              10037184     MSVCRTD:MSVCR120D.dll
 0005:00000188       __imp__strcat              10037188     MSVCRTD:MSVCR120D.dll
 0005:0000018c       __imp__strcmp              1003718c     MSVCRTD:MSVCR120D.dll
 0005:00000190       __imp__strlen              10037190     MSVCRTD:MSVCR120D.dll
 0005:00000194       __imp__memmove             10037194     MSVCRTD:MSVCR120D.dll
 0005:00000198       __imp__strtok              10037198     MSVCRTD:MSVCR120D.dll
 0005:0000019c       __imp___CrtDbgReportW      1003719c     MSVCRTD:MSVCR120D.dll
 0005:000001a0       __imp___close              100371a0     MSVCRTD:MSVCR120D.dll
 0005:000001a4       __imp___write              100371a4     MSVCRTD:MSVCR120D.dll
 0005:000001a8       __imp__printf              100371a8     MSVCRTD:MSVCR120D.dll
 0005:000001ac       __imp___beginthread        100371ac     MSVCRTD:MSVCR120D.dll
 0005:000001b0       __imp___CxxThrowException@8 100371b0     MSVCRTD:MSVCR120D.dll
 0005:000001b4       __imp____CxxFrameHandler3  100371b4     MSVCRTD:MSVCR120D.dll
 0005:000001b8       __imp___lock               100371b8     MSVCRTD:MSVCR120D.dll
 0005:000001bc       __imp___unlock             100371bc     MSVCRTD:MSVCR120D.dll
 0005:000001c0       __imp___calloc_dbg         100371c0     MSVCRTD:MSVCR120D.dll
 0005:000001c4       __imp____dllonexit         100371c4     MSVCRTD:MSVCR120D.dll
 0005:000001c8       __imp___onexit             100371c8     MSVCRTD:MSVCR120D.dll
 0005:000001cc       __imp_??1type_info@@UAE@XZ 100371cc     MSVCRTD:MSVCR120D.dll
 0005:000001d0       __imp____CppXcptFilter     100371d0     MSVCRTD:MSVCR120D.dll
 0005:000001d4       __imp___amsg_exit          100371d4     MSVCRTD:MSVCR120D.dll
 0005:000001d8       __imp___malloc_dbg         100371d8     MSVCRTD:MSVCR120D.dll
 0005:000001dc       __imp___free_dbg           100371dc     MSVCRTD:MSVCR120D.dll
 0005:000001e0       __imp___CrtSetCheckCount   100371e0     MSVCRTD:MSVCR120D.dll
 0005:000001e4       __imp___initterm           100371e4     MSVCRTD:MSVCR120D.dll
 0005:000001e8       __imp___initterm_e         100371e8     MSVCRTD:MSVCR120D.dll
 0005:000001ec       __imp___except_handler4_common 100371ec     MSVCRTD:MSVCR120D.dll
 0005:000001f0       __imp___crt_debugger_hook  100371f0     MSVCRTD:MSVCR120D.dll
 0005:000001f4       __imp____crtUnhandledException 100371f4     MSVCRTD:MSVCR120D.dll
 0005:000001f8       __imp____crtTerminateProcess 100371f8     MSVCRTD:MSVCR120D.dll
 0005:000001fc       __imp_?terminate@@YAXXZ    100371fc     MSVCRTD:MSVCR120D.dll
 0005:00000200       __imp____clean_type_info_names_internal 10037200     MSVCRTD:MSVCR120D.dll
 0005:00000204       __imp___hypot              10037204     MSVCRTD:MSVCR120D.dll
 0005:00000208       __imp___invalid_parameter  10037208     MSVCRTD:MSVCR120D.dll
 0005:0000020c       __imp_??3@YAXPAX@Z         1003720c     MSVCRTD:MSVCR120D.dll
 0005:00000210       __imp_??2@YAPAXI@Z         10037210     MSVCRTD:MSVCR120D.dll
 0005:00000214       __imp___purecall           10037214     MSVCRTD:MSVCR120D.dll
 0005:00000218       __imp_?_open@@YAHPBDHH@Z   10037218     MSVCRTD:MSVCR120D.dll
 0005:0000021c       __imp__atol                1003721c     MSVCRTD:MSVCR120D.dll
 0005:00000220       \177MSVCR120D_NULL_THUNK_DATA 10037220     MSVCRTD:MSVCR120D.dll
 0005:00000270       __imp__PathIsDirectoryA@4  10037270     Shlwapi:SHLWAPI.dll
 0005:00000274       \177SHLWAPI_NULL_THUNK_DATA 10037274     Shlwapi:SHLWAPI.dll
 0005:000002a0       __IMPORT_DESCRIPTOR_SHLWAPI 100372a0     Shlwapi:SHLWAPI.dll
 0005:000002b4       __IMPORT_DESCRIPTOR_ICONV  100372b4     iconv:ICONV.DLL
 0005:000002c8       __IMPORT_DESCRIPTOR_KERNEL32 100372c8     kernel32:KERNEL32.dll
 0005:000002dc       __IMPORT_DESCRIPTOR_HTAgent 100372dc     HTAgent:HTAgent.dll
 0005:000002f0       __IMPORT_DESCRIPTOR_MSVCP120D 100372f0     msvcprtd:MSVCP120D.dll
 0005:00000304       __IMPORT_DESCRIPTOR_MSVCR120D 10037304     MSVCRTD:MSVCR120D.dll
 0005:00000318       __NULL_IMPORT_DESCRIPTOR   10037318     Shlwapi:SHLWAPI.dll

 entry point at        0002:00000799


 Exports

  ordinal    name

        1    _init_work_mode@8
               exported name: init_work_mode
        2    _plug_proc_data@32
               exported name: plug_proc_data
